[    0.000000] Linux version 4.15.0-39-generic (buildd@lgw01-amd64-054) (gcc version 7.3.0 (Ubuntu 7.3.0-16ubuntu3)) #42-Ubuntu SMP Tue Oct 23 15:48:01 UTC 2018 (Ubuntu 4.15.0-39.42-generic 4.15.18)
[    0.000000] Command line: BOOT_IMAGE=/boot/vmlinuz-4.15.0-39-generic root=LABEL=cloudimg-rootfs ro console=tty1 console=ttyS0
[    0.000000] KERNEL supported cpus:
[    0.000000]   Intel GenuineIntel
[    0.000000]   AMD AuthenticAMD
[    0.000000]   Centaur CentaurHauls
[    0.000000] ------------[ cut here ]------------
[    0.000000] XSAVE consistency problem, dumping leaves
[    0.000000] WARNING: CPU: 0 PID: 0 at /build/linux-A9GvNk/linux-4.15.0/arch/x86/kernel/fpu/xstate.c:614 do_extra_xstate_size_checks+0x303/0x3e6
[    0.000000] Modules linked in:
[    0.000000] CPU: 0 PID: 0 Comm: swapper Not tainted 4.15.0-39-generic #42-Ubuntu
[    0.000000] RIP: 0010:do_extra_xstate_size_checks+0x303/0x3e6
[    0.000000] RSP: 0000:ffffffffa3c03d50 EFLAGS: 00010086 ORIG_RAX: 0000000000000000
[    0.000000] RAX: 0000000000000000 RBX: 000000000000000a RCX: ffffffffa3c62728
[    0.000000] RDX: 0000000000000001 RSI: 0000000000000086 RDI: 0000000000000047
[    0.000000] RBP: ffffffffa3c03d90 R08: 657661656c20676e R09: 0000000000000007
[    0.000000] R10: ffffffffa3e59d80 R11: 0000000000000000 R12: 0000000000000100
[    0.000000] R13: 0000000000000340 R14: ffffffffa3c03d54 R15: ffffffffa3c03d50
[    0.000000] FS:  0000000000000000(0000) GS:ffffffffa3e7e000(0000) knlGS:0000000000000000
[    0.000000] CS:  0010 DS: 0000 ES: 0000 CR0: 0000000080050033
[    0.000000] CR2: ffff88000008a000 CR3: 0000000016b20000 CR4: 00000000000406a0
[    0.000000] Call Trace:
[    0.000000]  fpu__init_system_xstate+0x183/0x484
[    0.000000]  fpu__init_system+0x213/0x265
[    0.000000]  ? early_init_intel+0xd0/0x450
[    0.000000]  early_cpu_init+0x20d/0x214
[    0.000000]  ? 0xffffffffa2800000
[    0.000000]  setup_arch+0xcb/0xc82
[    0.000000]  ? printk+0x52/0x6e
[    0.000000]  start_kernel+0x6d/0x4fd
[    0.000000]  x86_64_start_reservations+0x24/0x26
[    0.000000]  x86_64_start_kernel+0x74/0x77
[    0.000000]  secondary_startup_64+0xa5/0xb0
[    0.000000] Code: ff ff 44 3b 2d 1d 2c 8b 01 0f 84 d5 00 00 00 80 3d 5a 41 5d 01 00 75 29 48 c7 c7 28 97 8b a3 c6 05 4a 41 5d 01 01 e8 e3 01 05 00 <0f> 0b eb 12 83 3d 18 02 3f 01 00 0f 84 af fe ff ff e9 a5 fe ff 
[    0.000000] random: get_random_bytes called from print_oops_end_marker+0x3f/0x60 with crng_init=0
[    0.000000] ---[ end trace 42c7d7929c045063 ]---
[    0.000000] CPUID[0d, 00]: eax=00000007 ebx=00000440 ecx=00000440 edx=00000000
[    0.000000] CPUID[0d, 01]: eax=00000000 ebx=000003c0 ecx=00000000 edx=00000000
[    0.000000] CPUID[0d, 02]: eax=00000100 ebx=00000240 ecx=00000000 edx=00000000
[    0.000000] CPUID[0d, 03]: eax=00000000 ebx=00000000 ecx=00000000 edx=00000000
[    0.000000] CPUID[0d, 04]: eax=00000000 ebx=00000000 ecx=00000000 edx=00000000
[    0.000000] CPUID[0d, 05]: eax=00000000 ebx=00000000 ecx=00000000 edx=00000000
[    0.000000] CPUID[0d, 06]: eax=00000000 ebx=00000000 ecx=00000000 edx=00000000
[    0.000000] CPUID[0d, 07]: eax=00000000 ebx=00000000 ecx=00000000 edx=00000000
[    0.000000] CPUID[0d, 08]: eax=00000000 ebx=00000000 ecx=00000000 edx=00000000
[    0.000000] CPUID[0d, 09]: eax=00000000 ebx=00000000 ecx=00000000 edx=00000000
[    0.000000] CPUID[0d, 0a]: eax=00000000 ebx=00000000 ecx=00000000 edx=00000000
[    0.000000] CPUID[0d, 0b]: eax=00000000 ebx=00000000 ecx=00000000 edx=00000000
[    0.000000] CPUID[0d, 0c]: eax=00000000 ebx=00000000 ecx=00000000 edx=00000000
[    0.000000] CPUID[0d, 0d]: eax=00000000 ebx=00000000 ecx=00000000 edx=00000000
[    0.000000] CPUID[0d, 0e]: eax=00000000 ebx=00000000 ecx=00000000 edx=00000000
[    0.000000] CPUID[0d, 0f]: eax=00000000 ebx=00000000 ecx=00000000 edx=00000000
[    0.000000] CPUID[0d, 10]: eax=00000000 ebx=00000000 ecx=00000000 edx=00000000
[    0.000000] CPUID[0d, 11]: eax=00000000 ebx=00000000 ecx=00000000 edx=00000000
[    0.000000] CPUID[0d, 12]: eax=00000000 ebx=00000000 ecx=00000000 edx=00000000
[    0.000000] CPUID[0d, 13]: eax=00000000 ebx=00000000 ecx=00000000 edx=00000000
[    0.000000] x86/fpu: Supporting XSAVE feature 0x001: 'x87 floating point registers'
[    0.000000] x86/fpu: Supporting XSAVE feature 0x002: 'SSE registers'
[    0.000000] x86/fpu: Supporting XSAVE feature 0x004: 'AVX registers'
[    0.000000] x86/fpu: xstate_offset[2]:  576, xstate_sizes[2]:  256
[    0.000000] x86/fpu: Enabled xstate features 0x7, context size is 1088 bytes, using 'standard' format.
[    0.000000] e820: BIOS-provided physical RAM map:
[    0.000000] BIOS-e820: [mem 0x0000000000000000-0x000000000009fbff] usable
[    0.000000] BIOS-e820: [mem 0x000000000009fc00-0x000000000009ffff] reserved
[    0.000000] BIOS-e820: [mem 0x00000000000f0000-0x00000000000fffff] reserved
[    0.000000] BIOS-e820: [mem 0x0000000000100000-0x000000003ffeffff] usable
[    0.000000] BIOS-e820: [mem 0x000000003fff0000-0x000000003fffffff] ACPI data
[    0.000000] BIOS-e820: [mem 0x00000000fec00000-0x00000000fec00fff] reserved
[    0.000000] BIOS-e820: [mem 0x00000000fee00000-0x00000000fee00fff] reserved
[    0.000000] BIOS-e820: [mem 0x00000000fffc0000-0x00000000ffffffff] reserved
[    0.000000] NX (Execute Disable) protection: active
[    0.000000] SMBIOS 2.5 present.
[    0.000000] DMI: innotek GmbH VirtualBox/VirtualBox, BIOS VirtualBox 12/01/2006
[    0.000000] Hypervisor detected: KVM
[    0.000000] e820: last_pfn = 0x3fff0 max_arch_pfn = 0x400000000
[    0.000000] MTRR: Disabled
[    0.000000] x86/PAT: MTRRs disabled, skipping PAT initialization too.
[    0.000000] CPU MTRRs all blank - virtualized system.
[    0.000000] x86/PAT: Configuration [0-7]: WB  WT  UC- UC  WB  WT  UC- UC  
[    0.000000] found SMP MP-table at [mem 0x0009fff0-0x0009ffff] mapped at [        (ptrval)]
[    0.000000] Scanning 1 areas for low memory corruption
[    0.000000] RAMDISK: [mem 0x35adf000-0x36d66fff]
[    0.000000] ACPI: Early table checksum verification disabled
[    0.000000] ACPI: RSDP 0x00000000000E0000 000024 (v02 VBOX  )
[    0.000000] ACPI: XSDT 0x000000003FFF0030 00003C (v01 VBOX   VBOXXSDT 00000001 ASL  00000061)
[    0.000000] ACPI: FACP 0x000000003FFF00F0 0000F4 (v04 VBOX   VBOXFACP 00000001 ASL  00000061)
[    0.000000] ACPI: DSDT 0x000000003FFF0470 0021FF (v02 VBOX   VBOXBIOS 00000002 INTL 20160108)
[    0.000000] ACPI: FACS 0x000000003FFF0200 000040
[    0.000000] ACPI: FACS 0x000000003FFF0200 000040
[    0.000000] ACPI: APIC 0x000000003FFF0240 00005C (v02 VBOX   VBOXAPIC 00000001 ASL  00000061)
[    0.000000] ACPI: SSDT 0x000000003FFF02A0 0001CC (v01 VBOX   VBOXCPUT 00000002 INTL 20160108)
[    0.000000] No NUMA configuration found
[    0.000000] Faking a node at [mem 0x0000000000000000-0x000000003ffeffff]
[    0.000000] NODE_DATA(0) allocated [mem 0x3ffc5000-0x3ffeffff]
[    0.000000] kvm-clock: cpu 0, msr 0:3ff44001, primary cpu clock
[    0.000000] kvm-clock: Using msrs 4b564d01 and 4b564d00
[    0.000000] kvm-clock: using sched offset of 13416523063 cycles
[    0.000000] clocksource: kvm-clock: mask: 0xffffffffffffffff max_cycles: 0x1cd42e4dffb, max_idle_ns: 881590591483 ns
[    0.000000] Zone ranges:
[    0.000000]   DMA      [mem 0x0000000000001000-0x0000000000ffffff]
[    0.000000]   DMA32    [mem 0x0000000001000000-0x000000003ffeffff]
[    0.000000]   Normal   empty
[    0.000000]   Device   empty
[    0.000000] Movable zone start for each node
[    0.000000] Early memory node ranges
[    0.000000]   node   0: [mem 0x0000000000001000-0x000000000009efff]
[    0.000000]   node   0: [mem 0x0000000000100000-0x000000003ffeffff]
[    0.000000] Initmem setup node 0 [mem 0x0000000000001000-0x000000003ffeffff]
[    0.000000] Reserved but unavailable: 98 pages
[    0.000000] ACPI: PM-Timer IO Port: 0x4008
[    0.000000] IOAPIC[0]: apic_id 2, version 32, address 0xfec00000, GSI 0-23
[    0.000000] ACPI: INT_SRC_OVR (bus 0 bus_irq 0 global_irq 2 dfl dfl)
[    0.000000] ACPI: INT_SRC_OVR (bus 0 bus_irq 9 global_irq 9 high level)
[    0.000000] Using ACPI (MADT) for SMP configuration information
[    0.000000] smpboot: Allowing 2 CPUs, 0 hotplug CPUs
[    0.000000] PM: Registered nosave memory: [mem 0x00000000-0x00000fff]
[    0.000000] PM: Registered nosave memory: [mem 0x0009f000-0x0009ffff]
[    0.000000] PM: Registered nosave memory: [mem 0x000a0000-0x000effff]
[    0.000000] PM: Registered nosave memory: [mem 0x000f0000-0x000fffff]
[    0.000000] e820: [mem 0x40000000-0xfebfffff] available for PCI devices
[    0.000000] Booting paravirtualized kernel on KVM
[    0.000000] clocksource: refined-jiffies: mask: 0xffffffff max_cycles: 0xffffffff, max_idle_ns: 7645519600211568 ns
[    0.000000] setup_percpu: NR_CPUS:8192 nr_cpumask_bits:2 nr_cpu_ids:2 nr_node_ids:1
[    0.000000] percpu: Embedded 46 pages/cpu @        (ptrval) s151552 r8192 d28672 u1048576
[    0.000000] PV qspinlock hash table entries: 256 (order: 0, 4096 bytes)
[    0.000000] Built 1 zonelists, mobility grouping on.  Total pages: 257913
[    0.000000] Policy zone: DMA32
[    0.000000] Kernel command line: BOOT_IMAGE=/boot/vmlinuz-4.15.0-39-generic root=LABEL=cloudimg-rootfs ro console=tty1 console=ttyS0
[    0.000000] Memory: 983608K/1048120K available (12300K kernel code, 2472K rwdata, 4248K rodata, 2408K init, 2416K bss, 64512K reserved, 0K cma-reserved)
[    0.000000] SLUB: HWalign=64, Order=0-3, MinObjects=0, CPUs=2, Nodes=1
[    0.000000] Kernel/User page tables isolation: enabled
[    0.000000] ftrace: allocating 39178 entries in 154 pages
[    0.004000] Hierarchical RCU implementation.
[    0.004000] 	RCU restricting CPUs from NR_CPUS=8192 to nr_cpu_ids=2.
[    0.004000] 	Tasks RCU enabled.
[    0.004000] RCU: Adjusting geometry for rcu_fanout_leaf=16, nr_cpu_ids=2
[    0.004000] NR_IRQS: 524544, nr_irqs: 440, preallocated irqs: 16
[    0.004000] Console: colour VGA+ 80x25
[    0.004000] console [tty1] enabled
[    0.004000] console [ttyS0] enabled
[    0.004000] ACPI: Core revision 20170831
[    0.004000] ACPI: 2 ACPI AML tables successfully acquired and loaded
[    0.004000] APIC: Switch to symmetric I/O mode setup
[    0.010207] x2apic enabled
[    0.012047] Switched APIC routing to physical x2apic.
[    0.042458] ..TIMER: vector=0x30 apic1=0 pin1=2 apic2=-1 pin2=-1
[    0.044010] tsc: Detected 2807.986 MHz processor
[    0.048021] Calibrating delay loop (skipped) preset value.. 5615.97 BogoMIPS (lpj=11231944)
[    0.052009] pid_max: default: 32768 minimum: 301
[    0.056062] Security Framework initialized
[    0.060016] Yama: becoming mindful.
[    0.064084] AppArmor: AppArmor initialized
[    0.072189] Dentry cache hash table entries: 131072 (order: 8, 1048576 bytes)
[    0.076448] Inode-cache hash table entries: 65536 (order: 7, 524288 bytes)
[    0.080099] Mount-cache hash table entries: 2048 (order: 2, 16384 bytes)
[    0.084026] Mountpoint-cache hash table entries: 2048 (order: 2, 16384 bytes)
[    0.089113] mce: CPU supports 0 MCE banks
[    0.092225] Last level iTLB entries: 4KB 64, 2MB 8, 4MB 8
[    0.096008] Last level dTLB entries: 4KB 64, 2MB 0, 4MB 0, 1GB 4
[    0.100008] Spectre V2 : Mitigation: Full generic retpoline
[    0.104006] Spectre V2 : Spectre v2 / SpectreRSB mitigation: Filling RSB on context switch
[    0.108008] Speculative Store Bypass: Vulnerable
[    0.112112] Freeing SMP alternatives memory: 36K
[    0.124000] APIC calibration not consistent with PM-Timer: 98ms instead of 100ms
[    0.124000] APIC delta adjusted to PM-Timer: 6333246 (6245578)
[    0.125770] smpboot: CPU0: Intel(R) Core(TM) i7-7700HQ CPU @ 2.80GHz (family: 0x6, model: 0x9e, stepping: 0x9)
[    0.128307] Performance Events: unsupported p6 CPU model 158 no PMU driver, software events only.
[    0.132342] Hierarchical SRCU implementation.
[    0.140306] NMI watchdog: Perf event create on CPU 0 failed with -2
[    0.144008] NMI watchdog: Perf NMI watchdog permanently disabled
[    0.148471] smp: Bringing up secondary CPUs ...
[    0.152353] x86: Booting SMP configuration:
[    0.156009] .... node  #0, CPUs:      #1
[    0.004000] kvm-clock: cpu 1, msr 0:3ff44041, secondary cpu clock
[    0.004000] mce: CPU supports 0 MCE banks
[    0.248552] smp: Brought up 1 node, 2 CPUs
[    0.252108] smpboot: Max logical packages: 1
[    0.256029] smpboot: Total of 2 processors activated (11231.94 BogoMIPS)
[    0.260467] devtmpfs: initialized
[    0.264105] x86/mm: Memory block size: 128MB
[    0.272028] evm: security.selinux
[    0.276007] evm: security.SMACK64
[    0.280048] evm: security.SMACK64EXEC
[    0.284008] evm: security.SMACK64TRANSMUTE
[    0.288010] evm: security.SMACK64MMAP
[    0.292006] evm: security.apparmor
[    0.296018] evm: security.ima
[    0.300008] evm: security.capability
[    0.312067] clocksource: jiffies: mask: 0xffffffff max_cycles: 0xffffffff, max_idle_ns: 7645041785100000 ns
[    0.316191] futex hash table entries: 512 (order: 3, 32768 bytes)
[    0.320172] pinctrl core: initialized pinctrl subsystem
[    0.328687] RTC time: 16:01:34, date: 11/24/18
[    0.336777] NET: Registered protocol family 16
[    0.340142] audit: initializing netlink subsys (disabled)
[    0.348043] audit: type=2000 audit(1543075300.988:1): state=initialized audit_enabled=0 res=1
[    0.412013] cpuidle: using governor ladder
[    0.416019] cpuidle: using governor menu
[    0.420080] ACPI: bus type PCI registered
[    0.424009] acpiphp: ACPI Hot Plug PCI Controller Driver version: 0.5
[    0.428730] PCI: Using configuration type 1 for base access
[    0.436239] HugeTLB registered 2.00 MiB page size, pre-allocated 0 pages
[    0.440479] ACPI: Added _OSI(Module Device)
[    0.444018] ACPI: Added _OSI(Processor Device)
[    0.448012] ACPI: Added _OSI(3.0 _SCP Extensions)
[    0.452013] ACPI: Added _OSI(Processor Aggregator Device)
[    0.456029] ACPI: Added _OSI(Linux-Dell-Video)
[    0.460009] ACPI: Added _OSI(Linux-Lenovo-NV-HDMI-Audio)
[    0.469750] ACPI: Executed 1 blocks of module-level executable AML code
[    0.481094] ACPI: Interpreter enabled
[    0.484031] ACPI: (supports S0 S5)
[    0.488006] ACPI: Using IOAPIC for interrupt routing
[    0.492802] PCI: Using host bridge windows from ACPI; if necessary, use "pci=nocrs" and report a bug
[    0.498509] ACPI: Enabled 2 GPEs in block 00 to 07
[    0.536000] ACPI: PCI Root Bridge [PCI0] (domain 0000 [bus 00-ff])
[    0.540086] acpi PNP0A03:00: _OSC: OS supports [ASPM ClockPM Segments MSI]
[    0.544059] acpi PNP0A03:00: _OSC: not requesting OS control; OS requires [ExtendedConfig ASPM ClockPM MSI]
[    0.548029] acpi PNP0A03:00: fail to add MMCONFIG information, can't access extended PCI configuration space under this bridge.
[    0.557083] PCI host bridge to bus 0000:00
[    0.560012] pci_bus 0000:00: root bus resource [io  0x0000-0x0cf7 window]
[    0.564011] pci_bus 0000:00: root bus resource [io  0x0d00-0xffff window]
[    0.568039] pci_bus 0000:00: root bus resource [mem 0x000a0000-0x000bffff window]
[    0.572015] pci_bus 0000:00: root bus resource [mem 0x40000000-0xffdfffff window]
[    0.576013] pci_bus 0000:00: root bus resource [bus 00-ff]
[    0.628000] pci 0000:00:01.1: legacy IDE quirk: reg 0x10: [io  0x01f0-0x01f7]
[    0.628022] pci 0000:00:01.1: legacy IDE quirk: reg 0x14: [io  0x03f6]
[    0.632011] pci 0000:00:01.1: legacy IDE quirk: reg 0x18: [io  0x0170-0x0177]
[    0.636011] pci 0000:00:01.1: legacy IDE quirk: reg 0x1c: [io  0x0376]
[    0.901849] pci 0000:00:07.0: quirk: [io  0x4000-0x403f] claimed by PIIX4 ACPI
[    0.961697] pci 0000:00:07.0: quirk: [io  0x4100-0x410f] claimed by PIIX4 SMB
[    1.100240] ACPI: PCI Interrupt Link [LNKA] (IRQs 5 9 10 *11)
[    1.124436] ACPI: PCI Interrupt Link [LNKB] (IRQs 5 9 10 *11)
[    1.164525] ACPI: PCI Interrupt Link [LNKC] (IRQs 5 9 *10 11)
[    1.220179] ACPI: PCI Interrupt Link [LNKD] (IRQs 5 *9 10 11)
[    1.299927] SCSI subsystem initialized
[    1.340751] pci 0000:00:02.0: vgaarb: setting as boot VGA device
[    1.344000] pci 0000:00:02.0: vgaarb: VGA device added: decodes=io+mem,owns=io+mem,locks=none
[    1.460015] pci 0000:00:02.0: vgaarb: bridge control possible
[    1.532023] vgaarb: loaded
[    1.568574] ACPI: bus type USB registered
[    1.605591] usbcore: registered new interface driver usbfs
[    1.648162] usbcore: registered new interface driver hub
[    1.684092] usbcore: registered new device driver usb
[    1.716008] EDAC MC: Ver: 3.0.0
[    1.772397] PCI: Using ACPI for IRQ routing
[    1.884050] NetLabel: Initializing
[    1.940008] NetLabel:  domain hash size = 128
[    2.008023] NetLabel:  protocols = UNLABELED CIPSOv4 CALIPSO
[    2.060056] NetLabel:  unlabeled traffic allowed by default
[    2.068860] clocksource: Switched to clocksource kvm-clock
[    2.134239] VFS: Disk quotas dquot_6.6.0
[    2.151321] VFS: Dquot-cache hash table entries: 512 (order 0, 4096 bytes)
[    2.183514] AppArmor: AppArmor Filesystem Enabled
[    2.202544] pnp: PnP ACPI init
[    2.228104] pnp: PnP ACPI: found 3 devices
[    2.303334] clocksource: acpi_pm: mask: 0xffffff max_cycles: 0xffffff, max_idle_ns: 2085701024 ns
[    2.350035] NET: Registered protocol family 2
[    2.377512] TCP established hash table entries: 8192 (order: 4, 65536 bytes)
[    2.404983] TCP bind hash table entries: 8192 (order: 5, 131072 bytes)
[    2.447323] TCP: Hash tables configured (established 8192 bind 8192)
[    2.468044] UDP hash table entries: 512 (order: 2, 16384 bytes)
[    2.488726] UDP-Lite hash table entries: 512 (order: 2, 16384 bytes)
[    2.533088] NET: Registered protocol family 1
[    2.564465] pci 0000:00:00.0: Limiting direct PCI/PCI transfers
[    2.655547] pci 0000:00:01.0: Activating ISA DMA hang workarounds
[    2.736296] pci 0000:00:02.0: Video device with shadowed ROM at [mem 0x000c0000-0x000dffff]
[    2.826874] Unpacking initramfs...
[    4.120104] Freeing initrd memory: 18976K
[    4.158678] platform rtc_cmos: registered platform RTC device (no PNP device found)
[    4.188691] Scanning for low memory corruption every 60 seconds
[    4.213948] Initialise system trusted keyrings
[    4.230549] Key type blacklist registered
[    4.249800] workingset: timestamp_bits=36 max_order=18 bucket_order=0
[    4.277763] zbud: loaded
[    4.313667] squashfs: version 4.0 (2009/01/31) Phillip Lougher
[    4.403737] fuse init (API version 7.26)
[    4.530532] Key type asymmetric registered
[    4.565784] Asymmetric key parser 'x509' registered
[    4.605858] Block layer SCSI generic (bsg) driver version 0.4 loaded (major 246)
[    4.661871] io scheduler noop registered
[    4.688336] io scheduler deadline registered
[    4.760295] io scheduler cfq registered (default)
[    4.833106] ACPI: AC Adapter [AC] (on-line)
[    4.866733] input: Power Button as /devices/LNXSYSTM:00/LNXPWRBN:00/input/input0
[    4.954147] ACPI: Power Button [PWRF]
[    5.011989] input: Sleep Button as /devices/LNXSYSTM:00/LNXSLPBN:00/input/input1
[    5.108591] ACPI: Sleep Button [SLPF]
[    5.140903] Serial: 8250/16550 driver, 32 ports, IRQ sharing enabled
[    5.333537] 00:02: ttyS0 at I/O 0x3f8 (irq = 4, base_baud = 115200) is a 16550A
[    5.515931] Linux agpgart interface v0.103
[    5.581249] loop: module loaded
[    5.611217] scsi host0: ata_piix
[    5.644975] scsi host1: ata_piix
[    5.658428] ata1: PATA max UDMA/33 cmd 0x1f0 ctl 0x3f6 bmdma 0xd000 irq 14
[    5.712241] ata2: PATA max UDMA/33 cmd 0x170 ctl 0x376 bmdma 0xd008 irq 15
[    5.775544] libphy: Fixed MDIO Bus: probed
[    5.821436] tun: Universal TUN/TAP device driver, 1.6
[    5.858637] PPP generic driver version 2.4.2
[    5.880424] ehci_hcd: USB 2.0 'Enhanced' Host Controller (EHCI) Driver
[    5.947785] ehci-pci: EHCI PCI platform driver
[    5.965660] ehci-platform: EHCI generic platform driver
[    6.000081] ohci_hcd: USB 1.1 'Open' Host Controller (OHCI) Driver
[    6.043046] ohci-pci: OHCI PCI platform driver
[    6.073250] ohci-platform: OHCI generic platform driver
[    6.113318] uhci_hcd: USB Universal Host Controller Interface driver
[    6.175951] i8042: PNP: PS/2 Controller [PNP0303:PS2K,PNP0f03:PS2M] at 0x60,0x64 irq 1,12
[    6.230053] serio: i8042 KBD port at 0x60,0x64 irq 1
[    6.245230] serio: i8042 AUX port at 0x60,0x64 irq 12
[    6.262542] mousedev: PS/2 mouse device common for all mice
[    6.282804] input: AT Translated Set 2 keyboard as /devices/platform/i8042/serio0/input/input2
[    6.439181] rtc_cmos rtc_cmos: rtc core: registered rtc_cmos as rtc0
[    6.538725] rtc_cmos rtc_cmos: alarms up to one day, 114 bytes nvram
[    6.661572] i2c /dev entries driver
[    6.694027] pcie_mp2_amd: AMD(R) PCI-E MP2 Communication Driver Version: 1.0
[    6.756532] device-mapper: uevent: version 1.0.3
[    6.775668] device-mapper: ioctl: 4.37.0-ioctl (2017-09-20) initialised: dm-devel@redhat.com
[    6.808632] ledtrig-cpu: registered to indicate activity on CPUs
[    6.843999] NET: Registered protocol family 10
[    6.912662] Segment Routing with IPv6
[    6.960161] NET: Registered protocol family 17
[    7.015146] Key type dns_resolver registered
[    7.082376] RAS: Correctable Errors collector initialized.
[    7.132618] sched_clock: Marking stable (7132214789, 0)->(17213693854, -10081479065)
[    7.195986] registered taskstats version 1
[    7.236745] Loading compiled-in X.509 certificates
[    7.279662] Loaded X.509 cert 'Build time autogenerated kernel key: 28c680bedc8638650c29d29ff1fd33ae66a2014d'
[    7.385681] zswap: loaded using pool lzo/zbud
[    7.450423] Key type big_key registered
[    7.485484] Key type trusted registered
[    7.525806] Key type encrypted registered
[    7.548486] AppArmor: AppArmor sha1 policy hashing enabled
[    7.595413] ima: No TPM chip found, activating TPM-bypass! (rc=-19)
[    7.643283] ima: Allocated hash algorithm: sha1
[    7.664562] evm: HMAC attrs: 0x1
[    7.702394]   Magic number: 10:493:35
[    7.765153] bdi 7:0: hash matches
[    7.805316] rtc_cmos rtc_cmos: setting system clock to 2018-11-24 16:01:43 UTC (1543075303)
[    7.858976] BIOS EDD facility v0.16 2004-Jun-25, 0 devices found
[    7.887153] EDD information not available.
[    7.918807] Freeing unused kernel memory: 2408K
[    7.976861] Write protecting the kernel read-only data: 20480k
[    8.006972] Freeing unused kernel memory: 2008K
[    8.037290] Freeing unused kernel memory: 1896K
[    8.077231] x86/mm: Checked W+X mappings: passed, no W+X pages found.
[    8.108980] x86/mm: Checking user space page tables
[    8.138206] x86/mm: Checked W+X mappings: passed, no W+X pages found.
Loading, please wait...
starting version 237
[    8.425298] Fusion MPT base driver 3.04.20
[    8.493155] Copyright (c) 1999-2008 LSI Corporation
[    8.578817] e1000: Intel(R) PRO/1000 Network Driver - version 7.3.21-k8-NAPI
[    8.662603] e1000: Copyright (c) 1999-2006 Intel Corporation.
[    8.768860] AVX version of gcm_enc/dec engaged.
[    8.801672] AES CTR mode by8 optimization enabled
[    8.882357] Fusion MPT SPI Host driver 3.04.20
[    9.081836] input: ImExPS/2 Generic Explorer Mouse as /devices/platform/i8042/serio1/input/input4
[   11.139017] e1000 0000:00:03.0 eth0: (PCI:33MHz:32-bit) 02:ad:f7:32:92:86
[   11.183387] e1000 0000:00:03.0 eth0: Intel(R) PRO/1000 Network Connection
[   11.239008] mptbase: ioc0: Initiating bringup
[   11.242034] e1000 0000:00:03.0 enp0s3: renamed from eth0
[   11.410546] ioc0: LSI53C1030 A0: Capabilities={Initiator}
[   11.691662] scsi host2: ioc0: LSI53C1030 A0, FwRev=00000000h, Ports=1, MaxQ=256, IRQ=20
[   11.904039] scsi 2:0:0:0: Direct-Access     VBOX     HARDDISK         1.0  PQ: 0 ANSI: 5
[   11.961608] scsi target2:0:0: Beginning Domain Validation
[   12.009277] random: fast init done
[   12.038353] scsi target2:0:0: Domain Validation skipping write tests
[   12.089591] scsi target2:0:0: Ending Domain Validation
[   12.115889] scsi target2:0:0: asynchronous
[   12.141065] scsi 2:0:1:0: Direct-Access     VBOX     HARDDISK         1.0  PQ: 0 ANSI: 5
[   12.249519] scsi target2:0:1: Beginning Domain Validation
[   12.320633] scsi target2:0:1: Domain Validation skipping write tests
[   12.388038] scsi target2:0:1: Ending Domain Validation
[   12.439008] scsi target2:0:1: asynchronous
[   12.538647] random: systemd-udevd: uninitialized urandom read (16 bytes read)
[   12.539958] sd 2:0:0:0: [sda] 20971520 512-byte logical blocks: (10.7 GB/10.0 GiB)
[   12.540509] sd 2:0:0:0: [sda] Write Protect is off
[   12.541018] sd 2:0:0:0: [sda] Incomplete mode parameter data
[   12.541019] sd 2:0:0:0: [sda] Assuming drive cache: write through
[   12.612704] sd 2:0:0:0: Attached scsi generic sg0 type 0
[   12.615762] sd 2:0:1:0: Attached scsi generic sg1 type 0
[   12.631432] sd 2:0:1:0: [sdb] 20480 512-byte logical blocks: (10.5 MB/10.0 MiB)
[   12.632900] sd 2:0:1:0: [sdb] Write Protect is off
[   12.637440] sd 2:0:1:0: [sdb] Incomplete mode parameter data
[   12.637441] sd 2:0:1:0: [sdb] Assuming drive cache: write through
[   12.640877]  sda: sda1
[   12.650355] sd 2:0:0:0: [sda] Attached SCSI disk
[   12.666268] sd 2:0:1:0: [sdb] Attached SCSI disk
[   13.404336] random: systemd-udevd: uninitialized urandom read (16 bytes read)
[   13.431314] random: systemd-udevd: uninitialized urandom read (16 bytes read)
Begin: Loading essential drivers ... [   20.016126] raid6: sse2x1   gen()  6678 MB/s
[   20.093177] raid6: sse2x1   xor()  4079 MB/s
[   20.168109] raid6: sse2x2   gen()  7914 MB/s
[   20.239075] raid6: sse2x2   xor()  5678 MB/s
[   20.304206] raid6: sse2x4   gen()  8669 MB/s
[   20.366392] raid6: sse2x4   xor()  4619 MB/s
[   20.378540] raid6: using algorithm sse2x4 gen() 8669 MB/s
[   20.403690] raid6: .... xor() 4619 MB/s, rmw enabled
[   20.420705] raid6: using ssse3x2 recovery algorithm
[   20.440381] xor: automatically using best checksumming function   avx       
[   20.494371] async_tx: api initialized (async)
done.
Begin: Running /scripts/init-premount ... done.
Begin: Mounting root file system ... Begin: Running /scripts/local-top ... done.
Begin: Running /scripts/local-premount ... [   20.644029] Btrfs loaded, crc32c=crc32c-intel
Scanning for Btrfs filesystems
done.
Warning: fsck not present, so skipping root file system
[   20.843564] EXT4-fs (sda1): mounted filesystem with ordered data mode. Opts: (null)
done.
Begin: Running /scripts/local-bottom ... done.
Begin: Running /scripts/init-bottom ... done.
[   21.453121] ip_tables: (C) 2000-2006 Netfilter Core Team
[   21.519122] systemd[1]: systemd 237 running in system mode. (+PAM +AUDIT +SELINUX +IMA +APPARMOR +SMACK +SYSVINIT +UTMP +LIBCRYPTSETUP +GCRYPT +GNUTLS +ACL +XZ +LZ4 +SECCOMP +BLKID +ELFUTILS +KMOD -IDN2 +IDN -PCRE2 default-hierarchy=hybrid)
[   21.585536] systemd[1]: Detected virtualization oracle.
[   21.605159] systemd[1]: Detected architecture x86-64.

Welcome to [1mUbuntu 18.04.1 LTS[0m!

[   21.693707] systemd[1]: Set hostname to <ubuntu>.
[   21.735176] systemd[1]: Initializing machine ID from random generator.
[   21.759746] systemd[1]: Installed transient /etc/machine-id file.
[   22.509923] random: crng init done
[   22.531146] random: 7 urandom warning(s) missed due to ratelimiting
[   22.873045] systemd[1]: Reached target System Time Synchronized.
[[0;32m  OK  [0m] Reached target System Time Synchronized.
[   22.955408] systemd[1]: Created slice User and Session Slice.
[[0;32m  OK  [0m] Created slice User and Session Slice.
[   22.991907] systemd[1]: Reached target User and Group Name Lookups.
[[0;32m  OK  [0m] Reached target User and Group Name Lookups.
[   23.070568] systemd[1]: Set up automount Arbitrary Executable File Formats File System Automount Point.
[[0;32m  OK  [0m] Set up automount Arbitrary Executabâ€¦rmats File System Automount Point.
[[0;32m  OK  [0m] Reached target Swap.
[[0;32m  OK  [0m] Created slice System Slice.
[[0;32m  OK  [0m] Listening on LVM2 metadata daemon socket.
[[0;32m  OK  [0m] Listening on Journal Socket (/dev/log).
[[0;32m  OK  [0m] Listening on udev Control Socket.
[[0;32m  OK  [0m] Listening on Journal Socket.
         Mounting Kernel Debug File System...
[[0;32m  OK  [0m] Listening on LVM2 poll daemon socket.
[[0;32m  OK  [0m] Created slice system-serial\x2dgetty.slice.
[[0;32m  OK  [0m] Reached target Slices.
         Mounting POSIX Message Queue File System...
         Starting Create list of required stâ€¦ce nodes for the current kernel...
         Mounting Huge Pages File System...
[[0;32m  OK  [0m] Listening on Journal Audit Socket.
         Starting Remount Root and Kernel File Systems...
[[0;32m  OK  [0m] Listening on /dev/initctl Compatibility Named Pipe.
[   23.668703] EXT4-fs (sda1): re-mounted. Opts: (null)
[[0;32m  OK  [0m] Listening on Syslog Socket.
         Starting Load Kernel Modules...
[[0;32m  OK  [0m] Listening on Network Service Netlink Socket.
         Starting Uncomplicated firewall...
[[0;32m  OK  [0m] Listening on Device-mapper event daemon FIFOs.
         Starting Monitoring of LVM2 mirrorsâ€¦ng dmeventd or progress polling...
[   23.861213] Loading iSCSI transport class v2.0-870.
         Starting Journal Service...
[[0;32m  OK  [0m] Listening on udev Kernel Socket.
[[0;32m  OK  [0m] Started Forward Password Requests to Wall Directory Watch.
         Starting Set the console keyboard layout...
         Starting udev Coldplug all Devices...
[[0;32m  OK  [0m] Mounted Kernel Debug File System.
[[0;32m  OK  [0m] Mounted POSIX Message Queue File System.
[[0;32m  OK  [0m] Started Create list of required staâ€¦vice nodes for the current kernel.
[[0;32m  OK  [0m] Mounted Huge Pages File System.
[[0;32m  OK  [0[   24.204670] iscsi: registered transport (tcp)
m] Started Remount Root and Kernel File Systems.
[[0;32m  OK  [0m] Started Uncomplicated firewall.
[[0;32m  OK  [0m] Started Journal Service.
[[0;32m  OK  [0m] Started LVM2 metadata daemon.
         Starting Load/Save Random Seed...
         Starting Initial cloud-init job (pre-networking)...
         Starting Flush Journal to Persistent Storage...
         Starting Create Static Device Nodes in /dev...
[[0;32m  OK  [0m] Started Load/Save Random Seed.
[[0;32m  OK  [0m] Started Monitoring of LVM2 mirrors,â€¦sing dmeventd or progress polling.
[   24.568956] systemd-journald[390]: Received request to flush runtime journal from PID 1
[[0;32m  OK  [0m] Started udev Coldplug all Devices.
[[0;32m  OK  [0m] Started Set the console keyboard layout.
[   24.926271] iscsi: registered transport (iser)
[[0;32m  OK  [0m] Started Flush Journal to Persistent Storage.
[[0;32m  OK  [0m] Started Load Kernel Modules.
         Mounting Kernel Configuration File System...
         Starting Apply Kernel Variables...
         Mounting FUSE Control File System...
[[0;32m  OK  [0m] Started Create Static Device Nodes in /dev.
[[0;32m  OK  [0m] Mounted Kernel Configuration File System.
[[0;32m  OK  [0m] Mounted FUSE Control File System.
[[0;32m  OK  [0m] Reached target Local File Systems (Pre).
[[0;32m  OK  [0m] Reached target Local File Systems.
         Starting Commit a transient machine-id on disk...
         Starting Set console font and keymap...
         Starting Tell Plymouth To Write Out Runtime Data...
         Starting Create Volatile Files and Directories...
         Starting AppArmor initialization...
         Starting ebtables ruleset management...
         Starting udev Kernel Device Manager...
[[0;32m  OK  [0m] Started Apply Kernel Variables.
[[0;32m  OK  [0m] Started Commit a transient machine-id on disk.
[[0;32m  OK  [0m] Started Set console font and keymap.
[[0;32m  OK  [0m] Started Tell Plymouth To Write Out Runtime Data.
[[0;32m  OK  [0m] Started Create Volatile Files and Directories.
         Starting Update UTMP about System Boot/Shutdown...
[[0;32m  OK  [0m] Started Update UTMP about System Boot/Shutdown.
[[0;32m  OK  [0m] Started ebtables ruleset management.
[[0;32m  OK  [0m] Started udev Kernel Device Manager.
[[0;32m  OK  [0m] Started Dispatch Password Requests to Console Directory Watch.
[[0;32m  OK  [0m] Reached target Local Encrypted Volumes.
[[0;32m  OK  [0m] Found device /dev/ttyS0.
[[0;32m  OK  [0m] Listening on Load/Save RF Kill Switch Status /dev/rfkill Watch.
[[0;32m  OK  [0m] Started AppArmor initialization.
[   39.089681] cloud-init[405]: Cloud-init v. 18.4-0ubuntu1~18.04.1 running 'init-local' at Sat, 24 Nov 2018 16:02:13 +0000. Up 37.30 seconds.
[[0;32m  OK  [0m] Started Initial cloud-init job (pre-networking).
[[0;32m  OK  [0m] Reached target Network (Pre).
         Starting Network Service...
[[0;32m  OK  [0m] Started Network Service.
         Starting Wait for Network to be Configured...
         Starting Network Name Resolution...
[[0;32m  OK  [0m] Started Network Name Resolution.
[[0;32m  OK  [0m] Reached target Network.
[[0;32m  OK  [0m] Reached target Host and Network Name Lookups.
[[0;32m  OK  [0m] Started Wait for Network to be Configured.
         Starting Initial cloud-init job (metadata service crawler)...
[   45.438625] cloud-init[623]: Cloud-init v. 18.4-0ubuntu1~18.04.1 running 'init' at Sat, 24 Nov 2018 16:02:19 +0000. Up 43.80 seconds.
[   45.837865] cloud-init[623]: ci-info: ++++++++++++++++++++++++++++++++++++++Net device info++++++++++++++++++++++++++++++++++++++
[   46.154227] cloud-init[623]: ci-info: +--------+------+----------------------------+---------------+--------+-------------------+
[   46.381888] cloud-init[623]: ci-info: | Device |  Up  |          Address           |      Mask     | Scope  |     Hw-Address    |
[   46.483181] cloud-init[623]: ci-info: +--------+------+----------------------------+---------------+--------+-------------------+
[   46.577365] cloud-init[623]: ci-info: | enp0s3 | True |         10.0.2.15          | 255.255.255.0 | global | 02:ad:f7:32:92:86 |
[   46.800206] cloud-init[623]: ci-info: | enp0s3 | True | fe80::ad:f7ff:fe32:9286/64 |       .       |  link  | 02:ad:f7:32:92:86 |
[   47.064891] cloud-init[623]: ci-info: |   lo   | True |         127.0.0.1          |   255.0.0.0   |  host  |         .         |
[   47.261790] cloud-init[623]: ci-info: |   lo   | True |          ::1/128           |       .       |  host  |         .         |
[   47.447091] cloud-init[623]: ci-info: +--------+------+----------------------------+---------------+--------+-------------------+
[   47.805303] cloud-init[623]: ci-info: ++++++++++++++++++++++++++++Route IPv4 info+++++++++++++++++++++++++++++
[   48.011729] cloud-init[623]: ci-info: +-------+-------------+----------+-----------------+-----------+-------+
[   48.131300] cloud-init[623]: ci-info: | Route | Destination | Gateway  |     Genmask     | Interface | Flags |
[   48.264469] cloud-init[623]: ci-info: +-------+-------------+----------+-----------------+-----------+-------+
[   48.505412] cloud-init[623]: ci-info: |   0   |   0.0.0.0   | 10.0.2.2 |     0.0.0.0     |   enp0s3  |   UG  |
[   48.630381] cloud-init[623]: ci-info: |   1   |   10.0.2.0  | 0.0.0.0  |  255.255.255.0  |   enp0s3  |   U   |
[   48.685178] cloud-init[623]: ci-info: |   2   |   10.0.2.2  | 0.0.0.0  | 255.255.255.255 |   enp0s3  |   UH  |
[   48.813362] cloud-init[623]: ci-info: +-------+-------------+----------+-----------------+-----------+-------+
[   48.923134] cloud-init[623]: ci-info: +++++++++++++++++++Route IPv6 info+++++++++++++++++++
[   49.034908] cloud-init[623]: ci-info: +-------+-------------+---------+-----------+-------+
[   49.122175] cloud-init[623]: ci-info: | Route | Destination | Gateway | Interface | Flags |
[   49.214466] cloud-init[623]: ci-info: +-------+-------------+---------+-----------+-------+
[   49.318924] cloud-init[623]: ci-info: |   1   |  fe80::/64  |    ::   |   enp0s3  |   U   |
[   49.405088] cloud-init[623]: ci-info: |   3   |    local    |    ::   |   enp0s3  |   U   |
[   49.491376] cloud-init[623]: ci-info: |   4   |   ff00::/8  |    ::   |   enp0s3  |   U   |
[   49.558941] cloud-init[623]: ci-info: +-------+-------------+---------+-----------+-------+
[   51.661895] cloud-init[623]: Generating public/private rsa key pair.
[   51.713079] cloud-init[623]: Your identification has been saved in /etc/ssh/ssh_host_rsa_key.
[   51.831697] cloud-init[623]: Your public key has been saved in /etc/ssh/ssh_host_rsa_key.pub.
[[0;32m  OK  [0m] Started Initial cloud-init job (metadata service crawler).
[[0;32m  OK  [0m] Reached target Network is Online.
[   51.919538] cloud-init[623]: The key fingerprint is:
         Starting Availability of block devices...
[   52.208722] cloud-init[623]: SHA256:WUpGrGg4AO7bJ7iTaFKZ8GnNGdcr+HlxnpplCByZ8LY root@ubuntu-bionic
[   52.350826] cloud-init[623]: The key's randomart image is:
[   52.465067] cloud-init[623]: +---[RSA 2048]----+
[   52.553978] cloud-init[623]: |o   .  ..        |
[   52.636849] cloud-init[623]: |o    o +.        |
[   52.753143] cloud-init[623]: | o . .*oo .      |
[[   52.802482] [0;32m  OK  [0mcloud-init[623]: |o o +oo=.+       |
[   52.824590] cloud-init[623]: | + O =E S.       |
[   52.825095] cloud-init[623]: |  @ = ..o..      |
[   52.825403] cloud-init[623]: |.=.o o o.+o.     |
[   52.825488] cloud-init[623]: |o+. o o .+o      |
[   52.825541] cloud-init[623]: |o..    .o.       |
[   52.825602] cloud-init[623]: +----[SHA256]-----+
[   52.825947] cloud-init[623]: Generating public/private dsa key pair.
[   52.826070] cloud-init[623]: Your identification has been saved in /etc/ssh/ssh_host_dsa_key.
[   52.826401] cloud-init[623]: Your public key has been saved in /etc/ssh/ssh_host_dsa_key.pub.
[   52.826510] cloud-init[623]: The key fingerprint is:
[   52.826574] cloud-init[623]: SHA256:inHlT4KQ/3DsQe0B6j6QlyzRJMbbPiG0eoAKzIwjXY4 root@ubuntu-bionic
[   52.826947] cloud-init[623]: The key's randomart image is:
[   52.827026] cloud-init[623]: +---[DSA 1024]----+
] Reached target Remote File Systems (Pre).
[[0;32m  OK  [0m] Reached target Remote File Systems.
[[0;32m  OK  [0m] Reached target System Initialization.
[[0;32m  OK  [0m] Listening on UUID daemon activation socket.
[   52.831365] cloud-init[623]: |   .o . .        |
[[0;32m  OK  [0m] Started ACPI Events Check.
[   54.370826] cloud-init[623]: |   .+= . o       |
[   54.616291] cloud-init[623]: |=o =++o o o      |
[[0;32m  OK  [0m] Reached target Paths.
[[0;32m  OK  [0m] Started Daily Cleanup of Temporary Directories.
[   54.667850]          Starting LXD - unix socket.
cloud-init[623]: |*+E =BoB . .     |
[[0;32m  OK  [0m] Started Daily apt download activities.
[[0;32m  OK  [0m] Started Daily apt upgrade and clean activities.
[   55.147088] [cloud-init[0;32m  OK  [0m[623]: ] |+. o=oX.S o      |Listening on ACPID Listen Socket.

[   55.545001] [cloud-init[0;32m  OK  [0m[623]: ] |. . .Oo* =       |Started Discard unused blocks once a week.

[   55.741614] cloud-init[[0;32m  OK  [0m] Started Message of the Day.
[[0;32m  OK  [0m] Reached target Timers.
[[0;32m  OK  [0m] Listening on D-Bus System Message Bus Socket.
         [623]: |   .. +.o .      |
[   55.864004] cloud-init[623]: |       .         |
Starting Socket activation for snappy daemon.
[   55.931355] cloud-init[[0;32m  OK  [0m] Listening on Open-iSCSI iscsid Socket.
[[0;32m  OK  [0m] Reached target Cloud-config availability.
[[0;32m  OK  [0m] Started Availability of block devices.
[[0;32m  OK  [0m] Listening on LXD - unix socket.
[[0;32m  OK  [0m] Listening on Socket activation for snappy daemon.
[623]: |                 |
[[0;32m  OK  [0m] Reached target Sockets.
[[0;32m  OK  [0m] Reached target Basic System.
[   56.321649]          Starting Accounts Service...
[[0;32m  OK  [0m] Started FUSE filesystem for LXC.
cloud-init[623]: +----[SHA256]-----+
[[0;32m  OK  [0m] Started Regular background program processing daemon.
[[0;32m  OK  [0m] Started D-Bus System Message Bus.
[   56.603634] cloud-init[623]: Generating public/private ecdsa key pair.
[   57.149308] cloud-init[623]: Your identification has been saved in /etc/ssh/ssh_host_ecdsa_key.
[   57.351557] cloud-init[623]: Your public key has been saved in /etc/ssh/ssh_host_ecdsa_key.pub.
[   57.428585] cloud-init[623]: The key fingerprint is:
[   57.625017] cloud-init[623]: SHA256:Jf363QNmxsgDMdkU8hg6zUfa0J85WZnFYUVAzmyONuA root@ubuntu-bionic
[   57.833029] cloud-init[623]: The key's randomart image is:
[   57.891226] cloud-init[623]: +---[ECDSA 256]---+
         Starting Virtualbox guest utils...
[   57.979204] cloud-init[623]: |         +=+..o*X|
[[   58.150304] cloud-init[623]: |        +=Xo +.+.|
[0;32m  OK  [0m] Started irqbalance daemon.
[   58.337480] cloud-init[623]: |       o.=*+. X  |
         Starting Pollinate to seed the pseudo random number generator...
[   58.346266]          Starting System Logging Service...
         Starting LSB: Record successful boot for GRUB...
cloud-init[623]: |        .=.o X   |
[   58.776954] cloud-init[623]: |        S E B o  |
         Starting Snappy daemon...
[   58.807287] cloud-init         Starting Login Service...
[623]: [[0;32m  OK  [0m] Started Unattended Upgrades Shutdown.
|           * B   |
[   59.097321] cloud-init[623]: |          . = .  |
[[0;32m  OK  [0m] Started Deferred execution scheduler.
         Starting LSB: automatic crash report generation...
         Starting Permit User Sessions...
[   59.098636]          Starting Dispatcher daemon for systemd-networkd...cloud-init[623]: |           . . o |

[   59.284247] cloud-init[623]: |            . . o|
         Starting LXD - container startup/shutdown...
[   59.445043] [[0;32m  OK  [0m] Started Permit User Sessions.
cloud-init[623]: +----[SHA256]-----+
[   59.693344] cloud-init[623]: Generating public/private ed25519 key pair.
[   59.797021] [[0;32m  OK  [0m] Started System Logging Service.
cloud-init[623]: Your identification has been saved in /etc/ssh/ssh_host_ed25519_key.
         Starting Authorization Manager...
[   60.043494] cloud-init[623]: Your public key has been saved in /etc/ssh/ssh_host_ed25519_key.pub.
         Starting Terminate Plymouth Boot Screen...
         Starting Hold until boot process finishes up...
[[0;32m  OK  [0m] Started Terminate Plymouth Boot Screen.
[   60.252385] cloud-init[623]: The key fingerprint is:
[   60.541361] cloud-init[623]: SHA256:LQH5ie8ySIZXbTo2v0lnv0oKQ1ZByn57GRk2YKFqoa8 root@ubuntu-bionic
[[0;32m  OK  [0m] Started Hold until boot process finishes up.
[   60.663257] [[0;32m  OK  [0m] Started Login Service.
         Starting Set console scheme...
[[0;32m  OK  [0m] Started Serial Getty on ttyS0.
[[0;32m  OK  [0m] Started LSB: automatic crash report generation.
cloud-init[623]: The key's randomart image is:
[[0;32m  OK  [0m] Started Authorization Manager.
[[0;32m  OK  [0m] Started Accounts Service.
[   60.969196] cloud-init[623]: +--[ED25519 256]--+
[[0;32m  OK  [0m] Started Set console scheme.
[[0;32m  OK  [0m] Created slice system-getty.slice.
[   61.215521] [[0;32m  OK  [0m] Started Getty on tty1.
[[0;32m  OK  [0m] Reached target Login Prompts.
cloud-init[623]: |      .o*.       |
[   61.366577] cloud-init[623]: |     ..= o       |
[   61.388165] cloud-init[623]: |    . ++o.+      |
[[0;32m  OK  [0m] Started LSB: Record successful boot for GRUB.
[   61.412249] cloud-init[623]: |   . +o.=+ +     |
[   61.473458] cloud-init[623]: |  ..o.++S +      |
[   61.589782] cloud-init[623]: |  .o+o=..o o     |
[   61.628141] cloud-init[623]: |   +.oo=o *      |
[   61.685331] cloud-init[623]: |   .. o+oB .     |
[[0;32m  OK  [0m] Started Virtualbox guest utils.
[   61.818012] cloud-init[623]: |  E    o+...o.   |
[   61.882021] cloud-init[623]: +----[SHA256]-----+
[[0;32m  OK  [0m] Started LXD - container startup/shutdown.
[[0;32m  OK  [0m] Started Dispatcher daemon for systemd-networkd.
[[0;32m  OK  [0m] Started Snappy daemon.
         Starting Wait until snapd is fully seeded...

Ubuntu 18.04.1 LTS ubuntu-bionic ttyS0

ubuntu-bionic login: [  109.741530] cloud-init[1697]: Cloud-init v. 18.4-0ubuntu1~18.04.1 running 'modules:config' at Sat, 24 Nov 2018 16:03:22 +0000. Up 107.32 seconds.
ci-info: no authorized ssh keys fingerprints found for user ubuntu.
<14>Nov 24 16:03:29 ec2: 
<14>Nov 24 16:03:29 ec2: #############################################################
<14>Nov 24 16:03:29 ec2: -----BEGIN SSH HOST KEY FINGERPRINTS-----
<14>Nov 24 16:03:29 ec2: 1024 SHA256:inHlT4KQ/3DsQe0B6j6QlyzRJMbbPiG0eoAKzIwjXY4 root@ubuntu-bionic (DSA)
<14>Nov 24 16:03:29 ec2: 256 SHA256:Jf363QNmxsgDMdkU8hg6zUfa0J85WZnFYUVAzmyONuA root@ubuntu-bionic (ECDSA)
<14>Nov 24 16:03:29 ec2: 256 SHA256:LQH5ie8ySIZXbTo2v0lnv0oKQ1ZByn57GRk2YKFqoa8 root@ubuntu-bionic (ED25519)
<14>Nov 24 16:03:29 ec2: 2048 SHA256:WUpGrGg4AO7bJ7iTaFKZ8GnNGdcr+HlxnpplCByZ8LY root@ubuntu-bionic (RSA)
<14>Nov 24 16:03:29 ec2: -----END SSH HOST KEY FINGERPRINTS-----
<14>Nov 24 16:03:29 ec2: #############################################################
-----BEGIN SSH HOST KEY KEYS-----
ecdsa-sha2-nistp256 AAAAE2VjZHNhLXNoYTItbmlzdHAyNTYAAAAIbmlzdHAyNTYAAABBBEuhNu2c7WeTf0SMBi/7nn/C1Z8j8C+uLqlEsdjFk73af1gul/+z2h1O42hSj/7hf0w6gp60yZJJXNWAFF16PZo= root@ubuntu-bionic
ssh-ed25519 AAAAC3NzaC1lZDI1NTE5AAAAIL7NqmuNGMa9qWohdLEQSpGCRumx6EUHxn3pgU5l2jaR root@ubuntu-bionic
ssh-rsa AAAAB3NzaC1yc2EAAAADAQABAAABAQDTTRxYCQhceUxcH6YJxdHntT+EpzYycqkiGwMpe3tvw6bn5I6/6J/FqIUBn+pTCDfa2m7JiR7GMKhdnI61SKX9olPz7EEQMDHAcw7e/vwZmnUxK9S2EfNJ10vRQjA4UcujV90dXyopjMUV8fd2CEEK67j+bnI/1hWO8HIhjuTghFNeSalRIzrEyOq/OqEjLaO656A06BiSWOotS1qrd/XNLVfLqAbeONleHG+oZHL1RQAXdbnZHgwGpwE73D9zwndrfigR4pvnM4VNYyOCC2/YR/IwFA1pv8sMxtuDyioWol0XeAXna6ZSUWyVANSP+wNcAr9MLrgPxft6xBLcXXSn root@ubuntu-bionic
-----END SSH HOST KEY KEYS-----
[  113.904674] cloud-init[1892]: Cloud-init v. 18.4-0ubuntu1~18.04.1 running 'modules:final' at Sat, 24 Nov 2018 16:03:28 +0000. Up 112.70 seconds.
[  113.905815] cloud-init[1892]: ci-info: no authorized ssh keys fingerprints found for user ubuntu.
[  113.906107] cloud-init[1892]: Cloud-init v. 18.4-0ubuntu1~18.04.1 finished at Sat, 24 Nov 2018 16:03:29 +0000. Datasource DataSourceNoCloud [seed=/dev/sdb][dsmode=net].  Up 113.75 seconds
