[    0.000000] Linux version 4.15.0-39-generic (buildd@lgw01-amd64-054) (gcc version 7.3.0 (Ubuntu 7.3.0-16ubuntu3)) #42-Ubuntu SMP Tue Oct 23 15:48:01 UTC 2018 (Ubuntu 4.15.0-39.42-generic 4.15.18)
[    0.000000] Command line: BOOT_IMAGE=/boot/vmlinuz-4.15.0-39-generic root=LABEL=cloudimg-rootfs ro console=tty1 console=ttyS0
[    0.000000] KERNEL supported cpus:
[    0.000000]   Intel GenuineIntel
[    0.000000]   AMD AuthenticAMD
[    0.000000]   Centaur CentaurHauls
[    0.000000] ------------[ cut here ]------------
[    0.000000] XSAVE consistency problem, dumping leaves
[    0.000000] WARNING: CPU: 0 PID: 0 at /build/linux-A9GvNk/linux-4.15.0/arch/x86/kernel/fpu/xstate.c:614 do_extra_xstate_size_checks+0x303/0x3e6
[    0.000000] Modules linked in:
[    0.000000] CPU: 0 PID: 0 Comm: swapper Not tainted 4.15.0-39-generic #42-Ubuntu
[    0.000000] RIP: 0010:do_extra_xstate_size_checks+0x303/0x3e6
[    0.000000] RSP: 0000:ffffffff92203d50 EFLAGS: 00010086 ORIG_RAX: 0000000000000000
[    0.000000] RAX: 0000000000000000 RBX: 000000000000000a RCX: ffffffff92262728
[    0.000000] RDX: 0000000000000001 RSI: 0000000000000086 RDI: 0000000000000047
[    0.000000] RBP: ffffffff92203d90 R08: 657661656c20676e R09: 0000000000000007
[    0.000000] R10: ffffffff92459d80 R11: 0000000000000000 R12: 0000000000000100
[    0.000000] R13: 0000000000000340 R14: ffffffff92203d54 R15: ffffffff92203d50
[    0.000000] FS:  0000000000000000(0000) GS:ffffffff9247e000(0000) knlGS:0000000000000000
[    0.000000] CS:  0010 DS: 0000 ES: 0000 CR0: 0000000080050033
[    0.000000] CR2: ffff88000008a000 CR3: 0000000020320000 CR4: 00000000000406a0
[    0.000000] Call Trace:
[    0.000000]  fpu__init_system_xstate+0x183/0x484
[    0.000000]  fpu__init_system+0x213/0x265
[    0.000000]  ? early_init_intel+0xd0/0x450
[    0.000000]  early_cpu_init+0x20d/0x214
[    0.000000]  ? 0xffffffff90e00000
[    0.000000]  setup_arch+0xcb/0xc82
[    0.000000]  ? printk+0x52/0x6e
[    0.000000]  start_kernel+0x6d/0x4fd
[    0.000000]  x86_64_start_reservations+0x24/0x26
[    0.000000]  x86_64_start_kernel+0x74/0x77
[    0.000000]  secondary_startup_64+0xa5/0xb0
[    0.000000] Code: ff ff 44 3b 2d 1d 2c 8b 01 0f 84 d5 00 00 00 80 3d 5a 41 5d 01 00 75 29 48 c7 c7 28 97 eb 91 c6 05 4a 41 5d 01 01 e8 e3 01 05 00 <0f> 0b eb 12 83 3d 18 02 3f 01 00 0f 84 af fe ff ff e9 a5 fe ff 
[    0.000000] random: get_random_bytes called from print_oops_end_marker+0x3f/0x60 with crng_init=0
[    0.000000] ---[ end trace d7e8e45ed7e98171 ]---
[    0.000000] CPUID[0d, 00]: eax=00000007 ebx=00000440 ecx=00000440 edx=00000000
[    0.000000] CPUID[0d, 01]: eax=00000000 ebx=000003c0 ecx=00000000 edx=00000000
[    0.000000] CPUID[0d, 02]: eax=00000100 ebx=00000240 ecx=00000000 edx=00000000
[    0.000000] CPUID[0d, 03]: eax=00000000 ebx=00000000 ecx=00000000 edx=00000000
[    0.000000] CPUID[0d, 04]: eax=00000000 ebx=00000000 ecx=00000000 edx=00000000
[    0.000000] CPUID[0d, 05]: eax=00000000 ebx=00000000 ecx=00000000 edx=00000000
[    0.000000] CPUID[0d, 06]: eax=00000000 ebx=00000000 ecx=00000000 edx=00000000
[    0.000000] CPUID[0d, 07]: eax=00000000 ebx=00000000 ecx=00000000 edx=00000000
[    0.000000] CPUID[0d, 08]: eax=00000000 ebx=00000000 ecx=00000000 edx=00000000
[    0.000000] CPUID[0d, 09]: eax=00000000 ebx=00000000 ecx=00000000 edx=00000000
[    0.000000] CPUID[0d, 0a]: eax=00000000 ebx=00000000 ecx=00000000 edx=00000000
[    0.000000] CPUID[0d, 0b]: eax=00000000 ebx=00000000 ecx=00000000 edx=00000000
[    0.000000] CPUID[0d, 0c]: eax=00000000 ebx=00000000 ecx=00000000 edx=00000000
[    0.000000] CPUID[0d, 0d]: eax=00000000 ebx=00000000 ecx=00000000 edx=00000000
[    0.000000] CPUID[0d, 0e]: eax=00000000 ebx=00000000 ecx=00000000 edx=00000000
[    0.000000] CPUID[0d, 0f]: eax=00000000 ebx=00000000 ecx=00000000 edx=00000000
[    0.000000] CPUID[0d, 10]: eax=00000000 ebx=00000000 ecx=00000000 edx=00000000
[    0.000000] CPUID[0d, 11]: eax=00000000 ebx=00000000 ecx=00000000 edx=00000000
[    0.000000] CPUID[0d, 12]: eax=00000000 ebx=00000000 ecx=00000000 edx=00000000
[    0.000000] CPUID[0d, 13]: eax=00000000 ebx=00000000 ecx=00000000 edx=00000000
[    0.000000] x86/fpu: Supporting XSAVE feature 0x001: 'x87 floating point registers'
[    0.000000] x86/fpu: Supporting XSAVE feature 0x002: 'SSE registers'
[    0.000000] x86/fpu: Supporting XSAVE feature 0x004: 'AVX registers'
[    0.000000] x86/fpu: xstate_offset[2]:  576, xstate_sizes[2]:  256
[    0.000000] x86/fpu: Enabled xstate features 0x7, context size is 1088 bytes, using 'standard' format.
[    0.000000] e820: BIOS-provided physical RAM map:
[    0.000000] BIOS-e820: [mem 0x0000000000000000-0x000000000009fbff] usable
[    0.000000] BIOS-e820: [mem 0x000000000009fc00-0x000000000009ffff] reserved
[    0.000000] BIOS-e820: [mem 0x00000000000f0000-0x00000000000fffff] reserved
[    0.000000] BIOS-e820: [mem 0x0000000000100000-0x000000003ffeffff] usable
[    0.000000] BIOS-e820: [mem 0x000000003fff0000-0x000000003fffffff] ACPI data
[    0.000000] BIOS-e820: [mem 0x00000000fec00000-0x00000000fec00fff] reserved
[    0.000000] BIOS-e820: [mem 0x00000000fee00000-0x00000000fee00fff] reserved
[    0.000000] BIOS-e820: [mem 0x00000000fffc0000-0x00000000ffffffff] reserved
[    0.000000] NX (Execute Disable) protection: active
[    0.000000] SMBIOS 2.5 present.
[    0.000000] DMI: innotek GmbH VirtualBox/VirtualBox, BIOS VirtualBox 12/01/2006
[    0.000000] Hypervisor detected: KVM
[    0.000000] e820: last_pfn = 0x3fff0 max_arch_pfn = 0x400000000
[    0.000000] MTRR: Disabled
[    0.000000] x86/PAT: MTRRs disabled, skipping PAT initialization too.
[    0.000000] CPU MTRRs all blank - virtualized system.
[    0.000000] x86/PAT: Configuration [0-7]: WB  WT  UC- UC  WB  WT  UC- UC  
[    0.000000] found SMP MP-table at [mem 0x0009fff0-0x0009ffff] mapped at [        (ptrval)]
[    0.000000] Scanning 1 areas for low memory corruption
[    0.000000] RAMDISK: [mem 0x35adf000-0x36d66fff]
[    0.000000] ACPI: Early table checksum verification disabled
[    0.000000] ACPI: RSDP 0x00000000000E0000 000024 (v02 VBOX  )
[    0.000000] ACPI: XSDT 0x000000003FFF0030 00003C (v01 VBOX   VBOXXSDT 00000001 ASL  00000061)
[    0.000000] ACPI: FACP 0x000000003FFF00F0 0000F4 (v04 VBOX   VBOXFACP 00000001 ASL  00000061)
[    0.000000] ACPI: DSDT 0x000000003FFF0470 0021FF (v02 VBOX   VBOXBIOS 00000002 INTL 20160108)
[    0.000000] ACPI: FACS 0x000000003FFF0200 000040
[    0.000000] ACPI: FACS 0x000000003FFF0200 000040
[    0.000000] ACPI: APIC 0x000000003FFF0240 00005C (v02 VBOX   VBOXAPIC 00000001 ASL  00000061)
[    0.000000] ACPI: SSDT 0x000000003FFF02A0 0001CC (v01 VBOX   VBOXCPUT 00000002 INTL 20160108)
[    0.000000] No NUMA configuration found
[    0.000000] Faking a node at [mem 0x0000000000000000-0x000000003ffeffff]
[    0.000000] NODE_DATA(0) allocated [mem 0x3ffc5000-0x3ffeffff]
[    0.000000] kvm-clock: cpu 0, msr 0:3ff44001, primary cpu clock
[    0.000000] kvm-clock: Using msrs 4b564d01 and 4b564d00
[    0.000000] kvm-clock: using sched offset of 13323593084 cycles
[    0.000000] clocksource: kvm-clock: mask: 0xffffffffffffffff max_cycles: 0x1cd42e4dffb, max_idle_ns: 881590591483 ns
[    0.000000] Zone ranges:
[    0.000000]   DMA      [mem 0x0000000000001000-0x0000000000ffffff]
[    0.000000]   DMA32    [mem 0x0000000001000000-0x000000003ffeffff]
[    0.000000]   Normal   empty
[    0.000000]   Device   empty
[    0.000000] Movable zone start for each node
[    0.000000] Early memory node ranges
[    0.000000]   node   0: [mem 0x0000000000001000-0x000000000009efff]
[    0.000000]   node   0: [mem 0x0000000000100000-0x000000003ffeffff]
[    0.000000] Initmem setup node 0 [mem 0x0000000000001000-0x000000003ffeffff]
[    0.000000] Reserved but unavailable: 98 pages
[    0.000000] ACPI: PM-Timer IO Port: 0x4008
[    0.000000] IOAPIC[0]: apic_id 2, version 32, address 0xfec00000, GSI 0-23
[    0.000000] ACPI: INT_SRC_OVR (bus 0 bus_irq 0 global_irq 2 dfl dfl)
[    0.000000] ACPI: INT_SRC_OVR (bus 0 bus_irq 9 global_irq 9 high level)
[    0.000000] Using ACPI (MADT) for SMP configuration information
[    0.000000] smpboot: Allowing 2 CPUs, 0 hotplug CPUs
[    0.000000] PM: Registered nosave memory: [mem 0x00000000-0x00000fff]
[    0.000000] PM: Registered nosave memory: [mem 0x0009f000-0x0009ffff]
[    0.000000] PM: Registered nosave memory: [mem 0x000a0000-0x000effff]
[    0.000000] PM: Registered nosave memory: [mem 0x000f0000-0x000fffff]
[    0.000000] e820: [mem 0x40000000-0xfebfffff] available for PCI devices
[    0.000000] Booting paravirtualized kernel on KVM
[    0.000000] clocksource: refined-jiffies: mask: 0xffffffff max_cycles: 0xffffffff, max_idle_ns: 7645519600211568 ns
[    0.000000] setup_percpu: NR_CPUS:8192 nr_cpumask_bits:2 nr_cpu_ids:2 nr_node_ids:1
[    0.000000] percpu: Embedded 46 pages/cpu @        (ptrval) s151552 r8192 d28672 u1048576
[    0.000000] PV qspinlock hash table entries: 256 (order: 0, 4096 bytes)
[    0.000000] Built 1 zonelists, mobility grouping on.  Total pages: 257913
[    0.000000] Policy zone: DMA32
[    0.000000] Kernel command line: BOOT_IMAGE=/boot/vmlinuz-4.15.0-39-generic root=LABEL=cloudimg-rootfs ro console=tty1 console=ttyS0
[    0.000000] Memory: 983608K/1048120K available (12300K kernel code, 2472K rwdata, 4248K rodata, 2408K init, 2416K bss, 64512K reserved, 0K cma-reserved)
[    0.000000] SLUB: HWalign=64, Order=0-3, MinObjects=0, CPUs=2, Nodes=1
[    0.000000] Kernel/User page tables isolation: enabled
[    0.000000] ftrace: allocating 39178 entries in 154 pages
[    0.004000] Hierarchical RCU implementation.
[    0.004000] 	RCU restricting CPUs from NR_CPUS=8192 to nr_cpu_ids=2.
[    0.004000] 	Tasks RCU enabled.
[    0.004000] RCU: Adjusting geometry for rcu_fanout_leaf=16, nr_cpu_ids=2
[    0.004000] NR_IRQS: 524544, nr_irqs: 440, preallocated irqs: 16
[    0.004000] Console: colour VGA+ 80x25
[    0.004000] console [tty1] enabled
[    0.004000] console [ttyS0] enabled
[    0.004000] ACPI: Core revision 20170831
[    0.004000] ACPI: 2 ACPI AML tables successfully acquired and loaded
[    0.004000] APIC: Switch to symmetric I/O mode setup
[    0.008937] x2apic enabled
[    0.012104] Switched APIC routing to physical x2apic.
[    0.034473] ..TIMER: vector=0x30 apic1=0 pin1=2 apic2=-1 pin2=-1
[    0.036007] tsc: Detected 2807.986 MHz processor
[    0.040013] Calibrating delay loop (skipped) preset value.. 5615.97 BogoMIPS (lpj=11231944)
[    0.044007] pid_max: default: 32768 minimum: 301
[    0.048052] Security Framework initialized
[    0.052007] Yama: becoming mindful.
[    0.056047] AppArmor: AppArmor initialized
[    0.064264] Dentry cache hash table entries: 131072 (order: 8, 1048576 bytes)
[    0.068231] Inode-cache hash table entries: 65536 (order: 7, 524288 bytes)
[    0.072037] Mount-cache hash table entries: 2048 (order: 2, 16384 bytes)
[    0.076025] Mountpoint-cache hash table entries: 2048 (order: 2, 16384 bytes)
[    0.084726] mce: CPU supports 0 MCE banks
[    0.088425] Last level iTLB entries: 4KB 64, 2MB 8, 4MB 8
[    0.092008] Last level dTLB entries: 4KB 64, 2MB 0, 4MB 0, 1GB 4
[    0.096010] Spectre V2 : Mitigation: Full generic retpoline
[    0.100016] Spectre V2 : Spectre v2 / SpectreRSB mitigation: Filling RSB on context switch
[    0.104007] Speculative Store Bypass: Vulnerable
[    0.108116] Freeing SMP alternatives memory: 36K
[    0.120000] APIC calibration not consistent with PM-Timer: 96ms instead of 100ms
[    0.120000] APIC delta adjusted to PM-Timer: 6347603 (6139152)
[    0.120712] smpboot: CPU0: Intel(R) Core(TM) i7-7700HQ CPU @ 2.80GHz (family: 0x6, model: 0x9e, stepping: 0x9)
[    0.124219] Performance Events: unsupported p6 CPU model 158 no PMU driver, software events only.
[    0.128137] Hierarchical SRCU implementation.
[    0.132723] NMI watchdog: Perf event create on CPU 0 failed with -2
[    0.136008] NMI watchdog: Perf NMI watchdog permanently disabled
[    0.140151] smp: Bringing up secondary CPUs ...
[    0.144145] x86: Booting SMP configuration:
[    0.148033] .... node  #0, CPUs:      #1
[    0.004000] kvm-clock: cpu 1, msr 0:3ff44041, secondary cpu clock
[    0.004000] mce: CPU supports 0 MCE banks
[    0.272065] smp: Brought up 1 node, 2 CPUs
[    0.276013] smpboot: Max logical packages: 1
[    0.280008] smpboot: Total of 2 processors activated (11231.94 BogoMIPS)
[    0.288178] devtmpfs: initialized
[    0.292066] x86/mm: Memory block size: 128MB
[    0.296283] evm: security.selinux
[    0.300011] evm: security.SMACK64
[    0.304013] evm: security.SMACK64EXEC
[    0.308006] evm: security.SMACK64TRANSMUTE
[    0.312006] evm: security.SMACK64MMAP
[    0.316008] evm: security.apparmor
[    0.320008] evm: security.ima
[    0.324012] evm: security.capability
[    0.332078] clocksource: jiffies: mask: 0xffffffff max_cycles: 0xffffffff, max_idle_ns: 7645041785100000 ns
[    0.336080] futex hash table entries: 512 (order: 3, 32768 bytes)
[    0.340258] pinctrl core: initialized pinctrl subsystem
[    0.345222] RTC time: 18:05:26, date: 11/24/18
[    0.352173] NET: Registered protocol family 16
[    0.356292] audit: initializing netlink subsys (disabled)
[    0.364305] audit: type=2000 audit(1543082733.281:1): state=initialized audit_enabled=0 res=1
[    0.436013] cpuidle: using governor ladder
[    0.440019] cpuidle: using governor menu
[    0.444076] ACPI: bus type PCI registered
[    0.448009] acpiphp: ACPI Hot Plug PCI Controller Driver version: 0.5
[    0.452964] PCI: Using configuration type 1 for base access
[    0.460147] HugeTLB registered 2.00 MiB page size, pre-allocated 0 pages
[    0.464424] ACPI: Added _OSI(Module Device)
[    0.468056] ACPI: Added _OSI(Processor Device)
[    0.472027] ACPI: Added _OSI(3.0 _SCP Extensions)
[    0.476010] ACPI: Added _OSI(Processor Aggregator Device)
[    0.480227] ACPI: Added _OSI(Linux-Dell-Video)
[    0.484013] ACPI: Added _OSI(Linux-Lenovo-NV-HDMI-Audio)
[    0.494151] ACPI: Executed 1 blocks of module-level executable AML code
[    0.506659] ACPI: Interpreter enabled
[    0.508094] ACPI: (supports S0 S5)
[    0.512007] ACPI: Using IOAPIC for interrupt routing
[    0.516616] PCI: Using host bridge windows from ACPI; if necessary, use "pci=nocrs" and report a bug
[    0.521145] ACPI: Enabled 2 GPEs in block 00 to 07
[    0.557386] ACPI: PCI Root Bridge [PCI0] (domain 0000 [bus 00-ff])
[    0.560021] acpi PNP0A03:00: _OSC: OS supports [ASPM ClockPM Segments MSI]
[    0.564059] acpi PNP0A03:00: _OSC: not requesting OS control; OS requires [ExtendedConfig ASPM ClockPM MSI]
[    0.568026] acpi PNP0A03:00: fail to add MMCONFIG information, can't access extended PCI configuration space under this bridge.
[    0.574461] PCI host bridge to bus 0000:00
[    0.576011] pci_bus 0000:00: root bus resource [io  0x0000-0x0cf7 window]
[    0.580010] pci_bus 0000:00: root bus resource [io  0x0d00-0xffff window]
[    0.584012] pci_bus 0000:00: root bus resource [mem 0x000a0000-0x000bffff window]
[    0.588019] pci_bus 0000:00: root bus resource [mem 0x40000000-0xffdfffff window]
[    0.592047] pci_bus 0000:00: root bus resource [bus 00-ff]
[    0.623269] pci 0000:00:01.1: legacy IDE quirk: reg 0x10: [io  0x01f0-0x01f7]
[    0.624016] pci 0000:00:01.1: legacy IDE quirk: reg 0x14: [io  0x03f6]
[    0.628011] pci 0000:00:01.1: legacy IDE quirk: reg 0x18: [io  0x0170-0x0177]
[    0.632009] pci 0000:00:01.1: legacy IDE quirk: reg 0x1c: [io  0x0376]
[    0.961213] pci 0000:00:07.0: quirk: [io  0x4000-0x403f] claimed by PIIX4 ACPI
[    1.044153] pci 0000:00:07.0: quirk: [io  0x4100-0x410f] claimed by PIIX4 SMB
[    1.198255] ACPI: PCI Interrupt Link [LNKA] (IRQs 5 9 10 *11)
[    1.228657] ACPI: PCI Interrupt Link [LNKB] (IRQs 5 9 10 *11)
[    1.256646] ACPI: PCI Interrupt Link [LNKC] (IRQs 5 9 *10 11)
[    1.288692] ACPI: PCI Interrupt Link [LNKD] (IRQs 5 *9 10 11)
[    1.340004] SCSI subsystem initialized
[    1.364148] pci 0000:00:02.0: vgaarb: setting as boot VGA device
[    1.368000] pci 0000:00:02.0: vgaarb: VGA device added: decodes=io+mem,owns=io+mem,locks=none
[    1.368015] pci 0000:00:02.0: vgaarb: bridge control possible
[    1.372012] vgaarb: loaded
[    1.376330] ACPI: bus type USB registered
[    1.384346] usbcore: registered new interface driver usbfs
[    1.388038] usbcore: registered new interface driver hub
[    1.392136] usbcore: registered new device driver usb
[    1.396235] EDAC MC: Ver: 3.0.0
[    1.408465] PCI: Using ACPI for IRQ routing
[    1.414998] NetLabel: Initializing
[    1.416007] NetLabel:  domain hash size = 128
[    1.420007] NetLabel:  protocols = UNLABELED CIPSOv4 CALIPSO
[    1.424306] NetLabel:  unlabeled traffic allowed by default
[    1.432910] clocksource: Switched to clocksource kvm-clock
[    1.483261] VFS: Disk quotas dquot_6.6.0
[    1.506496] VFS: Dquot-cache hash table entries: 512 (order 0, 4096 bytes)
[    1.544990] AppArmor: AppArmor Filesystem Enabled
[    1.566677] pnp: PnP ACPI init
[    1.624820] pnp: PnP ACPI: found 3 devices
[    1.712479] clocksource: acpi_pm: mask: 0xffffff max_cycles: 0xffffff, max_idle_ns: 2085701024 ns
[    1.784279] NET: Registered protocol family 2
[    1.820197] TCP established hash table entries: 8192 (order: 4, 65536 bytes)
[    1.872418] TCP bind hash table entries: 8192 (order: 5, 131072 bytes)
[    1.910002] TCP: Hash tables configured (established 8192 bind 8192)
[    1.947289] UDP hash table entries: 512 (order: 2, 16384 bytes)
[    1.985526] UDP-Lite hash table entries: 512 (order: 2, 16384 bytes)
[    2.013043] NET: Registered protocol family 1
[    2.042095] pci 0000:00:00.0: Limiting direct PCI/PCI transfers
[    2.068934] pci 0000:00:01.0: Activating ISA DMA hang workarounds
[    2.095319] pci 0000:00:02.0: Video device with shadowed ROM at [mem 0x000c0000-0x000dffff]
[    2.155041] Unpacking initramfs...
[    2.816356] Freeing initrd memory: 18976K
[    2.846401] platform rtc_cmos: registered platform RTC device (no PNP device found)
[    2.877403] Scanning for low memory corruption every 60 seconds
[    2.929509] Initialise system trusted keyrings
[    2.970747] Key type blacklist registered
[    3.016833] workingset: timestamp_bits=36 max_order=18 bucket_order=0
[    3.080965] zbud: loaded
[    3.117983] squashfs: version 4.0 (2009/01/31) Phillip Lougher
[    3.144802] fuse init (API version 7.26)
[    3.210109] Key type asymmetric registered
[    3.249790] Asymmetric key parser 'x509' registered
[    3.267841] Block layer SCSI generic (bsg) driver version 0.4 loaded (major 246)
[    3.292342] io scheduler noop registered
[    3.307313] io scheduler deadline registered
[    3.324043] io scheduler cfq registered (default)
[    3.344974] ACPI: AC Adapter [AC] (on-line)
[    3.362586] input: Power Button as /devices/LNXSYSTM:00/LNXPWRBN:00/input/input0
[    3.400312] ACPI: Power Button [PWRF]
[    3.448505] input: Sleep Button as /devices/LNXSYSTM:00/LNXSLPBN:00/input/input1
[    3.499135] ACPI: Sleep Button [SLPF]
[    3.529129] Serial: 8250/16550 driver, 32 ports, IRQ sharing enabled
[    3.621569] 00:02: ttyS0 at I/O 0x3f8 (irq = 4, base_baud = 115200) is a 16550A
[    3.695257] Linux agpgart interface v0.103
[    3.739565] loop: module loaded
[    3.757645] scsi host0: ata_piix
[    3.772377] scsi host1: ata_piix
[    3.783026] ata1: PATA max UDMA/33 cmd 0x1f0 ctl 0x3f6 bmdma 0xd000 irq 14
[    3.828522] ata2: PATA max UDMA/33 cmd 0x170 ctl 0x376 bmdma 0xd008 irq 15
[    3.870816] libphy: Fixed MDIO Bus: probed
[    3.883774] tun: Universal TUN/TAP device driver, 1.6
[    3.913338] PPP generic driver version 2.4.2
[    3.972796] ehci_hcd: USB 2.0 'Enhanced' Host Controller (EHCI) Driver
[    4.050906] ehci-pci: EHCI PCI platform driver
[    4.068967] ehci-platform: EHCI generic platform driver
[    4.089397] ohci_hcd: USB 1.1 'Open' Host Controller (OHCI) Driver
[    4.117662] ohci-pci: OHCI PCI platform driver
[    4.139773] ohci-platform: OHCI generic platform driver
[    4.157624] uhci_hcd: USB Universal Host Controller Interface driver
[    4.177869] i8042: PNP: PS/2 Controller [PNP0303:PS2K,PNP0f03:PS2M] at 0x60,0x64 irq 1,12
[    4.211306] serio: i8042 KBD port at 0x60,0x64 irq 1
[    4.230328] serio: i8042 AUX port at 0x60,0x64 irq 12
[    4.258170] mousedev: PS/2 mouse device common for all mice
[    4.277977] rtc_cmos rtc_cmos: rtc core: registered rtc_cmos as rtc0
[    4.295420] rtc_cmos rtc_cmos: alarms up to one day, 114 bytes nvram
[    4.312294] input: AT Translated Set 2 keyboard as /devices/platform/i8042/serio0/input/input2
[    4.340808] i2c /dev entries driver
[    4.353945] pcie_mp2_amd: AMD(R) PCI-E MP2 Communication Driver Version: 1.0
[    4.379083] device-mapper: uevent: version 1.0.3
[    4.392908] device-mapper: ioctl: 4.37.0-ioctl (2017-09-20) initialised: dm-devel@redhat.com
[    4.419927] ledtrig-cpu: registered to indicate activity on CPUs
[    4.442449] NET: Registered protocol family 10
[    4.494750] Segment Routing with IPv6
[    4.534928] NET: Registered protocol family 17
[    4.578548] Key type dns_resolver registered
[    4.612472] RAS: Correctable Errors collector initialized.
[    4.674246] sched_clock: Marking stable (4672828806, 0)->(13175205216, -8502376410)
[    4.739874] registered taskstats version 1
[    4.760281] Loading compiled-in X.509 certificates
[    4.793774] Loaded X.509 cert 'Build time autogenerated kernel key: 28c680bedc8638650c29d29ff1fd33ae66a2014d'
[    4.828364] zswap: loaded using pool lzo/zbud
[    4.860018] Key type big_key registered
[    4.871221] Key type trusted registered
[    4.889073] Key type encrypted registered
[    4.899252] AppArmor: AppArmor sha1 policy hashing enabled
[    4.916791] ima: No TPM chip found, activating TPM-bypass! (rc=-19)
[    4.939061] ima: Allocated hash algorithm: sha1
[    4.952348] evm: HMAC attrs: 0x1
[    4.961919]   Magic number: 10:258:90
[    4.973668]  edac: hash matches
[    4.987045] rtc_cmos rtc_cmos: setting system clock to 2018-11-24 18:05:31 UTC (1543082731)
[    5.010368] BIOS EDD facility v0.16 2004-Jun-25, 0 devices found
[    5.028106] EDD information not available.
[    5.054864] Freeing unused kernel memory: 2408K
[    5.080412] Write protecting the kernel read-only data: 20480k
[    5.104083] Freeing unused kernel memory: 2008K
[    5.125367] Freeing unused kernel memory: 1896K
[    5.144454] x86/mm: Checked W+X mappings: passed, no W+X pages found.
[    5.163479] x86/mm: Checking user space page tables
[    5.182991] x86/mm: Checked W+X mappings: passed, no W+X pages found.
Loading, please wait...
starting version 237
[    5.328087] Fusion MPT base driver 3.04.20
[    5.342512] Copyright (c) 1999-2008 LSI Corporation
[    5.377626] e1000: Intel(R) PRO/1000 Network Driver - version 7.3.21-k8-NAPI
[    5.419506] e1000: Copyright (c) 1999-2006 Intel Corporation.
[    5.519831] AVX version of gcm_enc/dec engaged.
[    5.540250] AES CTR mode by8 optimization enabled
[    5.566697] Fusion MPT SPI Host driver 3.04.20
[    5.721586] input: ImExPS/2 Generic Explorer Mouse as /devices/platform/i8042/serio1/input/input4
[    7.118790] e1000 0000:00:03.0 eth0: (PCI:33MHz:32-bit) 02:ad:f7:32:92:86
[    7.185255] e1000 0000:00:03.0 eth0: Intel(R) PRO/1000 Network Connection
[    7.306682] e1000 0000:00:03.0 enp0s3: renamed from eth0
[    7.355168] mptbase: ioc0: Initiating bringup
[    7.493888] ioc0: LSI53C1030 A0: Capabilities={Initiator}
[    7.801822] scsi host2: ioc0: LSI53C1030 A0, FwRev=00000000h, Ports=1, MaxQ=256, IRQ=20
[    8.050531] scsi 2:0:0:0: Direct-Access     VBOX     HARDDISK         1.0  PQ: 0 ANSI: 5
[    8.119268] scsi target2:0:0: Beginning Domain Validation
[    8.141432] scsi target2:0:0: Domain Validation skipping write tests
[    8.157322] scsi target2:0:0: Ending Domain Validation
[    8.172670] random: fast init done
[    8.183924] scsi target2:0:0: asynchronous
[    8.202144] scsi 2:0:1:0: Direct-Access     VBOX     HARDDISK         1.0  PQ: 0 ANSI: 5
[    8.263087] scsi target2:0:1: Beginning Domain Validation
[    8.301522] scsi target2:0:1: Domain Validation skipping write tests
[    8.317429] scsi target2:0:1: Ending Domain Validation
[    8.335187] scsi target2:0:1: asynchronous
[    8.374493] random: systemd-udevd: uninitialized urandom read (16 bytes read)
[    8.458144] sd 2:0:0:0: [sda] 20971520 512-byte logical blocks: (10.7 GB/10.0 GiB)
[    8.512299] sd 2:0:0:0: Attached scsi generic sg0 type 0
[    8.513143] random: systemd-udevd: uninitialized urandom read (16 bytes read)
[    8.513148] random: systemd-udevd: uninitialized urandom read (16 bytes read)
[    8.654269] sd 2:0:1:0: Attached scsi generic sg1 type 0
[    8.658562] sd 2:0:0:0: [sda] Write Protect is off
[    8.751542] sd 2:0:0:0: [sda] Incomplete mode parameter data
[    8.801643] sd 2:0:0:0: [sda] Assuming drive cache: write through
[    8.822271] sd 2:0:1:0: [sdb] 20480 512-byte logical blocks: (10.5 MB/10.0 MiB)
[    8.825607] sd 2:0:1:0: [sdb] Write Protect is off
[    8.829550] sd 2:0:1:0: [sdb] Incomplete mode parameter data
[    8.829552] sd 2:0:1:0: [sdb] Assuming drive cache: write through
[    8.864339] sd 2:0:1:0: [sdb] Attached SCSI disk
[    9.137613]  sda: sda1
[    9.156210] sd 2:0:0:0: [sda] Attached SCSI disk
Begin: Loading essential drivers ... [   15.436347] raid6: sse2x1   gen()  7090 MB/s
[   15.508742] raid6: sse2x1   xor()  4803 MB/s
[   15.576378] raid6: sse2x2   gen()  8068 MB/s
[   15.653753] raid6: sse2x2   xor()  5308 MB/s
[   15.732580] raid6: sse2x4   gen()  7478 MB/s
[   15.793190] raid6: sse2x4   xor()  5688 MB/s
[   15.810418] raid6: using algorithm sse2x2 gen() 8068 MB/s
[   15.830498] raid6: .... xor() 5308 MB/s, rmw enabled
[   15.860363] raid6: using ssse3x2 recovery algorithm
[   15.898699] xor: automatically using best checksumming function   avx       
[   15.934481] async_tx: api initialized (async)
done.
Begin: Running /scripts/init-premount ... done.
Begin: Mounting root file system ... Begin: Running /scripts/local-top ... done.
Begin: Running /scripts/local-[   16.129420] Btrfs loaded, crc32c=crc32c-intel
premount ... Scanning for Btrfs filesystems
done.
Warning: fsck not present, so skipping root file[   16.279783] EXT4-fs (sda1): mounted filesystem with ordered data mode. Opts: (null)
 system
done.
Begin: Running /scripts/local-bottom ... done.
Begin: Running /scripts/init-bottom ... done.
[   16.815089] ip_tables: (C) 2000-2006 Netfilter Core Team
[   16.930286] systemd[1]: systemd 237 running in system mode. (+PAM +AUDIT +SELINUX +IMA +APPARMOR +SMACK +SYSVINIT +UTMP +LIBCRYPTSETUP +GCRYPT +GNUTLS +ACL +XZ +LZ4 +SECCOMP +BLKID +ELFUTILS +KMOD -IDN2 +IDN -PCRE2 default-hierarchy=hybrid)
[   17.003118] systemd[1]: Detected virtualization oracle.
[   17.021198] systemd[1]: Detected architecture x86-64.

Welcome to [1mUbuntu 18.04.1 LTS[0m!

[   17.151129] systemd[1]: Set hostname to <ubuntu>.
[   17.204291] systemd[1]: Initializing machine ID from random generator.
[   17.247098] systemd[1]: Installed transient /etc/machine-id file.
[   17.928977] random: crng init done
[   17.957011] random: 7 urandom warning(s) missed due to ratelimiting
[   18.199722] systemd[1]: Set up automount Arbitrary Executable File Formats File System Automount Point.
[[0;32m  OK  [0m] Set up automount Arbitrary Executabâ€¦rmats File System Automount Point.
[   18.343502] systemd[1]: Started Forward Password Requests to Wall Directory Watch.
[[0;32m  OK  [0m] Started Forward Password Requests to Wall Directory Watch.
[   18.533737] systemd[1]: Reached target Swap.
[[0;32m  OK  [0m] Reached target Swap.
[   18.680891] systemd[1]: Reached target User and Group Name Lookups.
[[0;32m  OK  [0m] Reached target User and Group Name Lookups.
[[0;32m  OK  [0m] Created slice System Slice.
[[0;32m  OK  [0m] Listening on /dev/initctl Compatibility Named Pipe.
[[0;32m  OK  [0m] Listening on udev Control Socket.
[[0;32m  OK  [0m] Listening on Syslog Socket.
[[0;32m  OK  [0m] Listening on Device-mapper event daemon FIFOs.
[[0;32m  OK  [0m] Listening on Journal Audit Socket.
[[0;32m  OK  [0m] Listening on LVM2 metadata daemon socket.
[[0;32m  OK  [0m] Listening on LVM2 poll daemon socket.
[[0;32m  OK  [0m] Listening on Journal Socket (/dev/log).
[[0;32m  OK  [0m] Listening on Journal Socket.
         Starting Uncomplicated firewall...
         Starting Remount Root and Kernel File Systems...
         Mounting POSIX Message Queue File System...
         Starting Set the console keyboard layout...
         Starting Load Kernel Modules...
         Starting Journal Service...
         Mounting Huge Pages File System...
         Mounting Kernel Debug File System...
[   19.564470] Loading iSCSI transport class v2.0-870.
[[0;32m  OK  [0m] Created slice system-serial\x2dgetty.slice.
         Starting Create list of required stâ€¦ce nodes for the current kernel...
         Starting Monitoring of LVM2 mirrorsâ€¦ng dmeventd or progress polling...
[[0;32m  OK  [0m] Created slice User and Session Slice.
[[0;32m  OK  [0m] Reached target Slices.
[[0;32m  OK  [0m] Listening on Network Service Netlink Socket.
[[0;32m  OK  [0m] Reached target System Time Synchronized.[   19.849502] iscsi: registered transport (tcp)

[[0;32m  OK  [0m] Listening on udev Kernel Socket.
[   19.916878] EXT4-fs (sda1): re-mounted. Opts: (null)
         Starting udev Coldplug all Devices...
[[0;32m  OK  [0m] Started Journal Service.
[[0;32m  OK  [0m] Started Uncomplicated firewall.
[[0;32m  OK  [0m] Started Remount Root and Kernel File Systems.
[[0;32m  OK  [0m] Mounted POSIX Message Queue [   20.133534] iscsi: registered transport (iser)
File System.
[[0;32m  OK  [0m] Mounted Huge Pages File System.
[[0;32m  OK  [0m] Started Set the console keyboard layout.
[[0;32m  OK  [0m] Started Load Kernel Modules.
[[0;32m  OK  [0m] Mounted Kernel Debug File System.
[[0;32m  OK  [0m] Started Create list of required staâ€¦vice nodes for the current kernel.
[[0;32m  OK  [0m] Started LVM2 metadata daemon.
         Starting Create Static Device Nodes in /dev...
         Mounting FUSE Control File System...
         Mounting Kernel Configuration File System...
         Starting Apply Kernel Variables...
         Starting Load/Save Random Seed...
         Starting Initial cloud-init job (pre-networking)...
         Starting Flush Journal to Persistent Storage...
[[0;32m  OK  [0m] Started Monitoring of LVM2 mirrors,â€¦sing dmeventd or progress polling.
[[0;32m  OK  [0m] Started udev Coldplug all Devices.
[[0;32m  OK  [0m] Started Create Static Device Nodes in /dev.
[[0;32m  OK  [0m] Mounted FUSE Control File System.
[[0;32m  OK  [0m] Mounted Kernel Configuration File System.
[[0;32m  OK  [0m] Started Apply Kernel Variables.
[[0;32m  OK  [0m] Started Load/Save Random Seed.
         Starting udev Kernel Device Manager...
[[0;32m  OK  [0m] Reached target Local File Systems (Pre).
[[0;32m  OK  [0m] Reached target Local File Systems.
         Starting AppArmor initialization...
         Starting Commit a transient machine-id on disk...
         Starting Set console font and keymap...
         Starting ebtables ruleset management...
         Starting Tell Plymouth To Write Out Runtime Data...
[[0;32m  OK  [0m] Started Set console font and keymap.
[[0;32m  OK  [0m] Started Tell Plymouth To Write Out Runtime Data.
[[0;32m  OK  [0m] Started udev Kernel Device Manager.
[[0;32m  OK  [0m] Started Commit a transient machine-id on disk.
[[0;32m  OK  [0m] Started Dispatch Password Requests to Console Directory Watch.
[[0;32m  OK  [0m] Reached target Local Encrypted Volumes.
[[0;32m  OK  [0m] Started Flush Journal to Persistent Storage.
         Starting Create Volatile Files and Directories...
[[0;32m  OK  [0m] Started Create Volatile Files and Directories.
         Starting Update UTMP about System Boot/Shutdown...
[[0;32m  OK  [0m] Started ebtables ruleset management.
[[0;32m  OK  [0m] Started Update UTMP about System Boot/Shutdown.
[[0;32m  OK  [0m] Found device /dev/ttyS0.
[[0;32m  OK  [0m] Listening on Load/Save RF Kill Switch Status /dev/rfkill Watch.
[[0;32m  OK  [0m] Started AppArmor initialization.
[   26.432802] cloud-init[414]: Cloud-init v. 18.4-0ubuntu1~18.04.1 running 'init-local' at Sat, 24 Nov 2018 18:05:52 +0000. Up 25.59 seconds.
[[0;32m  OK  [0m] Started Initial cloud-init job (pre-networking).
[[0;32m  OK  [0m] Reached target Network (Pre).
         Starting Network Service...
[[0;32m  OK  [0m] Started Network Service.
         Starting Network Name Resolution...
         Starting Wait for Network to be Configured...
[[0;32m  OK  [0m] Started Network Name Resolution.
[[0;32m  OK  [0m] Reached target Network.
[[0;32m  OK  [0m] Reached target Host and Network Name Lookups.
[[0;32m  OK  [0m] Started Wait for Network to be Configured.
         Starting Initial cloud-init job (metadata service crawler)...
[   29.583575] cloud-init[615]: Cloud-init v. 18.4-0ubuntu1~18.04.1 running 'init' at Sat, 24 Nov 2018 18:05:55 +0000. Up 29.16 seconds.
[   29.801540] cloud-init[615]: ci-info: ++++++++++++++++++++++++++++++++++++++Net device info++++++++++++++++++++++++++++++++++++++
[   29.842814] cloud-init[615]: ci-info: +--------+------+----------------------------+---------------+--------+-------------------+
[   29.882979] cloud-init[615]: ci-info: | Device |  Up  |          Address           |      Mask     | Scope  |     Hw-Address    |
[   29.912639] cloud-init[615]: ci-info: +--------+------+----------------------------+---------------+--------+-------------------+
[   29.942090] cloud-init[615]: ci-info: | enp0s3 | True |         10.0.2.15          | 255.255.255.0 | global | 02:ad:f7:32:92:86 |
[   29.973699] cloud-init[615]: ci-info: | enp0s3 | True | fe80::ad:f7ff:fe32:9286/64 |       .       |  link  | 02:ad:f7:32:92:86 |
[   30.006177] cloud-init[615]: ci-info: |   lo   | True |         127.0.0.1          |   255.0.0.0   |  host  |         .         |
[   30.062372] cloud-init[615]: ci-info: |   lo   | True |          ::1/128           |       .       |  host  |         .         |
[   30.142901] cloud-init[615]: ci-info: +--------+------+----------------------------+---------------+--------+-------------------+
[   30.192550] cloud-init[615]: ci-info: ++++++++++++++++++++++++++++Route IPv4 info+++++++++++++++++++++++++++++
[   30.294631] cloud-init[615]: ci-info: +-------+-------------+----------+-----------------+-----------+-------+
[   30.352067] cloud-init[615]: ci-info: | Route | Destination | Gateway  |     Genmask     | Interface | Flags |
[   30.410092] cloud-init[615]: ci-info: +-------+-------------+----------+-----------------+-----------+-------+
[   30.460521] cloud-init[615]: ci-info: |   0   |   0.0.0.0   | 10.0.2.2 |     0.0.0.0     |   enp0s3  |   UG  |
[   30.510817] cloud-init[615]: ci-info: |   1   |   10.0.2.0  | 0.0.0.0  |  255.255.255.0  |   enp0s3  |   U   |
[   30.594915] cloud-init[615]: ci-info: |   2   |   10.0.2.2  | 0.0.0.0  | 255.255.255.255 |   enp0s3  |   UH  |
[   30.734687] cloud-init[615]: ci-info: +-------+-------------+----------+-----------------+-----------+-------+
[   30.794990] cloud-init[615]: ci-info: +++++++++++++++++++Route IPv6 info+++++++++++++++++++
[   30.839907] cloud-init[615]: ci-info: +-------+-------------+---------+-----------+-------+
[   30.911423] cloud-init[615]: ci-info: | Route | Destination | Gateway | Interface | Flags |
[   31.015723] cloud-init[615]: ci-info: +-------+-------------+---------+-----------+-------+
[   31.065023] cloud-init[615]: ci-info: |   1   |  fe80::/64  |    ::   |   enp0s3  |   U   |
[   31.161122] cloud-init[615]: ci-info: |   3   |    local    |    ::   |   enp0s3  |   U   |
[   31.209011] cloud-init[615]: ci-info: |   4   |   ff00::/8  |    ::   |   enp0s3  |   U   |
[   31.244411] cloud-init[615]: ci-info: +-------+-------------+---------+-----------+-------+
[   32.925603] cloud-init[615]: Generating public/private rsa key pair.
[   33.010520] cloud-init[615]: Your identification has been saved in /etc/ssh/ssh_host_rsa_key.
[   33.138052] cloud-init[615]: Your public key has been saved in /etc/ssh/ssh_host_rsa_key.pub.
[[0;32m  OK  [0m[   33.230203] cloud-init[615]: The key fingerprint is:
[   33.236259] cloud-init[615]: SHA256:ThY4BQG4J32F+hDTpMhr7QDN3c4ZpbJNEYZWAeKyHIk root@ubuntu-bionic
[   33.236620] cloud-init[615]: The key's randomart image is:
[   33.236740] cloud-init[615]: +---[RSA 2048]----+
[   33.236942] cloud-init[615]: |  ..oBX*o        |
[   33.237004] cloud-init[615]: |.=o+=+o*.        |
[   33.237111] cloud-init[615]: |Eo*+++B..        |
[   33.237170] cloud-init[615]: |.++o=B.+ .       |
[   33.237221] cloud-init[615]: |..+oo+= S        |
[   33.237301] cloud-init[615]: | . o  .+         |
[   33.237358] cloud-init[615]: |    .   .        |
[   33.237415] cloud-init[615]: |                 |
[   33.237476] cloud-init[615]: |                 |
[   33.238391] cloud-init[615]: +----[SHA256]-----+
[   33.238614] cloud-init[615]: Generating public/private dsa key pair.
[   33.238672] cloud-init[615]: Your identification has been saved in /etc/ssh/ssh_host_dsa_key.
[   33.238730] cloud-init[615]: Your public key has been saved in /etc/ssh/ssh_host_dsa_key.pub.
[   33.239117] cloud-init[615]: The key fingerprint is:
[   33.239174] cloud-init[615]: SHA256:jvsj/iw1KUkP52EFrmlUbC7ElEZ0Qp+tQDjnG/1VoT0 root@ubuntu-bionic
[   33.239234] cloud-init[615]: The key's randomart image is:
[   33.239280] cloud-init[615]: +---[DSA 1024]----+
[   33.240709] cloud-init[615]: |     BBo+.    .. |
[   33.242007] cloud-init[615]: |    o.**oo.  o.  |
[   33.242388] cloud-init[615]: |     *o++.. ..E  |
[   33.242426] cloud-init[615]: |     .*+*.  .  . |
[   33.242849] cloud-init[615]: |     .+@S+ .     |
[   33.242887] cloud-init[615]: |     .+o* .      |
[   33.242924] cloud-init[615]: |      .o..       |
[   33.243373] cloud-init[615]: |      oo.        |
[   33.243821] cloud-init[615]: |     .o=+.       |
[   33.244241] cloud-init[615]: +----[SHA256]-----+
[   33.244278] cloud-init[615]: Generating public/private ecdsa key pair.
[   33.244596] cloud-init[615]: Your identification has been saved in /etc/ssh/ssh_host_ecdsa_key.
[   33.245258] cloud-init[615]: Your public key has been saved in /etc/ssh/ssh_host_ecdsa_key.pub.
] Started Initial cloud-init job (metadata service crawler).
[[0;32m  OK  [0m] Reached target Network is Online.[   33.245376] cloud-init[615]: 
The key fingerprint is:         Starting Availability of block devices...
[   34.785525] 
[[0;32m  OK  [0mcloud-init] Reached target Remote File Systems (Pre).[615]: 
SHA256:++yh4sSUGfVc7l0QlHAVFWUfVtiMxCfJBzq/e8D7N7I root@ubuntu-bionic[[0;32m  OK  [0m] Reached target Remote File Systems.
[[0;32m  OK  [0m] Reached target Cloud-config availability.
[[0;32m  OK  [0m] Reached target System Initialization.
[[0;32m  OK  [0m] Started Message of the Day.
[[0;32m  OK  [0m] Listening on ACPID Listen Socket.
[[0;32m  OK  [0m] Started Daily Cleanup of Temporary Directories.

         Starting LXD - unix socket.
[   35.098230] [cloud-init[0;32m  OK  [0m[615]: ] The key's randomart image is:Started ACPI Events Check.

[[0;32m  OK  [0m] Reached target Paths.
[   35.290642] cloud-init[615]: +---[ECDSA 256]---+
[   35.325792]          Starting Socket activation for snappy daemon.
[[0;32m  OK  [0m] Started Daily apt download activities.
cloud-init[615]: |        .   o*B/%|
[   35.441097] cloud-init[615]: [[0;32m  OK  [0m] Started Daily apt upgrade and clean activities.
[[0;32m  OK  [0m] Started Discard unused blocks once a week.
[[0;32m  OK  [0m] Listening on Open-iSCSI iscsid Socket.
[[0;32m  OK  [0m] Listening on D-Bus System Message Bus Socket.
[[0;32m  OK  [0m] Reached target Timers.
[[0;32m  OK  [0m] Listening on UUID daemon activation socket.
[[0;32m  OK  [0m] Started Availability of block devices.
[[0;32m  OK  [0m] Listening on LXD - unix socket.
[[0;32m  OK  [0m] Listening on Socket activation for snappy daemon.
[[0;32m  OK  [0m] Reached target Sockets.
[[0;32m  OK  [0m] Reached target Basic System.
[[0;32m  OK  [0m] Started Unattended Upgrades Shutdown.
         Starting LSB: Record successful boot for GRUB...
[|       . o o oXoB|[0;32m  OK  [0m] Started FUSE filesystem for LXC.
         Starting Virtualbox guest utils...

[   35.645764]          Starting Accounts Service...
cloud-init[615]: |      .   o +  +o|
[   35.687263] cloud-init[615]: |       +   . + . |
[   35.731784] cloud-init[615]: |      + S   ..o  |
[   35.764419] cloud-init[615]: |     o   .    o. |
[   35.793143] cloud-init[615]: |      o . .   .o |
[   35.818726]          Starting Dispatcher daemon for systemd-networkd...
         cloud-initStarting Permit User Sessions...
[615]:          Starting LXD - container startup/shutdown...
         Starting LSB: automatic crash report generation...
[[0;32m  OK  [0m] Started D-Bus System Message Bus.
|     ..  + . ..oo|
[   35.923553] cloud-init[615]: |     .....+  E+o+|
[   35.943128] cloud-init[615]: +----[SHA256]-----+
[   35.971581] cloud-init[615]: Generating public/private ed25519 key pair.
[   36.001943] cloud-init[615]: Your identification has been saved in /etc/ssh/ssh_host_ed25519_key.
[   36.042231] cloud-init[615]: Your public key has been saved in /etc/ssh/ssh_host_ed25519_key.pub.
[   36.083800] cloud-init[615]: The key fingerprint is:
[   36.120799] cloud-init[615]: SHA256:lovToS87OgOaPP5hj5c8/t0N2UjIuX/PYTD81N+tXIQ root@ubuntu-bionic
[   36.168529] cloud-init[615]: The key's randomart image is:
[   36.193083] cloud-init[615]: +--[ED25519 256]--+
[   36.217264] cloud-init[615]: |                 |
[   36.254623] cloud-init[615]: |                 |
[   36.272089] cloud-init[615]: |                 |
[   36.290952] cloud-init[615]: |        ..o .  ..|
         Starting Login Service...
[   36.380735] cloud-init[615]: |        S+ . +E.o|[[0;32m  OK  [0m] Started Regular background program processing daemon.

         Starting Pollinate to seed the pseudo random number generator...
         Starting System Logging Service...
[   36.520032] [[0;32m  OK  [0m] Started irqbalance daemon.
cloud-init[615]: |  .    = oo + =.+|
         Starting Snappy daemon...
[[0;32m  OK  [0m] Started Deferred execution scheduler.
[   36.623806] cloud-init[615]: |.o +. = o. + . +=|
[[0;32m  OK  [0m] Started Permit User Sessions.
[   36.783006] cloud-init[615]: |oo. *=oo. o oooo.|
[   36.869316] cloud-init[615]: |..oo+*+=.. o..+o |
[   36.922534] cloud-init[615]: +----[SHA256]-----+
[[0;32m  OK  [0m] Started Login Service.
         Starting Authorization Manager...
         Starting Terminate Plymouth Boot Screen...
         Starting Hold until boot process finishes up...
[[0;32m  OK  [0m] Started System Logging Service.
[[0;32m  OK  [0m] Started Terminate Plymouth Boot Screen.
[[0;32m  OK  [0m] Started Hold until boot process finishes up.
         Starting Set console scheme...
[[0;32m  OK  [0m] Started Serial Getty on ttyS0.
[[0;32m  OK  [0m] Started LSB: Record successful boot for GRUB.
[[0;32m  OK  [0m] Started LSB: automatic crash report generation.
[[0;32m  OK  [0m] Started Set console scheme.
[[0;32m  OK  [0m] Created slice system-getty.slice.
[[0;32m  OK  [0m] Started Getty on tty1.
[[0;32m  OK  [0m] Reached target Login Prompts.
[[0;32m  OK  [0m] Started Authorization Manager.
[[0;32m  OK  [0m] Started Accounts Service.
[[0;32m  OK  [0m] Started LXD - container startup/shutdown.
[[0;32m  OK  [0m] Started Virtualbox guest utils.
[[0;32m  OK  [0m] Started Dispatcher daemon for systemd-networkd.
[[0;32m  OK  [0m] Started Snappy daemon.
         Starting Wait until snapd is fully seeded...

Ubuntu 18.04.1 LTS ubuntu-bionic ttyS0

ubuntu-bionic login: [   85.657449] cloud-init[1945]: Cloud-init v. 18.4-0ubuntu1~18.04.1 running 'modules:config' at Sat, 24 Nov 2018 18:06:48 +0000. Up 81.58 seconds.
ci-info: no authorized ssh keys fingerprints found for user ubuntu.
<14>Nov 24 18:06:58 ec2: 
<14>Nov 24 18:06:58 ec2: #############################################################
<14>Nov 24 18:06:58 ec2: -----BEGIN SSH HOST KEY FINGERPRINTS-----
<14>Nov 24 18:06:58 ec2: 1024 SHA256:jvsj/iw1KUkP52EFrmlUbC7ElEZ0Qp+tQDjnG/1VoT0 root@ubuntu-bionic (DSA)
<14>Nov 24 18:06:58 ec2: 256 SHA256:++yh4sSUGfVc7l0QlHAVFWUfVtiMxCfJBzq/e8D7N7I root@ubuntu-bionic (ECDSA)
<14>Nov 24 18:06:58 ec2: 256 SHA256:lovToS87OgOaPP5hj5c8/t0N2UjIuX/PYTD81N+tXIQ root@ubuntu-bionic (ED25519)
<14>Nov 24 18:06:58 ec2: 2048 SHA256:ThY4BQG4J32F+hDTpMhr7QDN3c4ZpbJNEYZWAeKyHIk root@ubuntu-bionic (RSA)
<14>Nov 24 18:06:58 ec2: -----END SSH HOST KEY FINGERPRINTS-----
<14>Nov 24 18:06:58 ec2: #############################################################
-----BEGIN SSH HOST KEY KEYS-----
ecdsa-sha2-nistp256 AAAAE2VjZHNhLXNoYTItbmlzdHAyNTYAAAAIbmlzdHAyNTYAAABBBF8KrdDOA4KsaxGAN5ZDp2TI288CnLI15yAzc3+Jh/HmU1wUARN2ck2Vwrjfoc38ztGrnrFiHhe2L7lwaz9ePxY= root@ubuntu-bionic
ssh-ed25519 AAAAC3NzaC1lZDI1NTE5AAAAILiRSj+uNz5FtfAVBnHEngSu1yM8CJdP8+D67xjBBfBs root@ubuntu-bionic
ssh-rsa AAAAB3NzaC1yc2EAAAADAQABAAABAQDHhJOkH02c+VuiHQ1VkVrYkkcVPq+q0/nMgCkxSY0bDmh/7songNy/4YHbUGbM2PF2foLieQWMh1XL5/9CpMiue3vo0MQItetODc4KO5VAiYOZdRu5h13bOn1PuVC61CXeBbmZfodsjVTYrAuVQAj8mdUg1P4x+rn4qSsoyDQ5gNnSfvggL0MaYuWagEF2icLwiwHvk+ZVrYiTMiY9Ura21rJXxQbJB3lZJqOyKaVh8cSwzTwZVLiD7QFS3jMamwxNSZIgevcR6SlqHl/NaPgDQyzJwmJQqOqrNBPCn+OV9+FA0t7gB/WbkThGjM9s1ywdQokil12UUsKKVXpjJ7YP root@ubuntu-bionic
-----END SSH HOST KEY KEYS-----
[   92.081388] cloud-init[1982]: Cloud-init v. 18.4-0ubuntu1~18.04.1 running 'modules:final' at Sat, 24 Nov 2018 18:06:56 +0000. Up 90.43 seconds.
[   92.272051] cloud-init[1982]: ci-info: no authorized ssh keys fingerprints found for user ubuntu.
[   92.293335] cloud-init[1982]: Cloud-init v. 18.4-0ubuntu1~18.04.1 finished at Sat, 24 Nov 2018 18:06:58 +0000. Datasource DataSourceNoCloud [seed=/dev/sdb][dsmode=net].  Up 91.94 seconds
